Archive member included to satisfy reference by file (symbol)

D:/SOFTWARE/en.st-stm32cubeide_1.18.1_24813_20250409_2138_x86_64.exe/STM32CubeIDE_1.18.1/STM32CubeIDE/plugins/com.st.stm32cube.ide.mcu.externaltools.gnu-tools-for-stm32.13.3.rel1.win32_1.0.0.202411081344/tools/bin/../lib/gcc/arm-none-eabi/13.3.1/../../../../arm-none-eabi/lib/thumb/v7-m/nofp\libc_nano.a(libc_a-exit.o)
                              D:/SOFTWARE/en.st-stm32cubeide_1.18.1_24813_20250409_2138_x86_64.exe/STM32CubeIDE_1.18.1/STM32CubeIDE/plugins/com.st.stm32cube.ide.mcu.externaltools.gnu-tools-for-stm32.13.3.rel1.win32_1.0.0.202411081344/tools/bin/../lib/gcc/arm-none-eabi/13.3.1/../../../../arm-none-eabi/lib/thumb/v7-m/nofp/crt0.o (exit)
D:/SOFTWARE/en.st-stm32cubeide_1.18.1_24813_20250409_2138_x86_64.exe/STM32CubeIDE_1.18.1/STM32CubeIDE/plugins/com.st.stm32cube.ide.mcu.externaltools.gnu-tools-for-stm32.13.3.rel1.win32_1.0.0.202411081344/tools/bin/../lib/gcc/arm-none-eabi/13.3.1/../../../../arm-none-eabi/lib/thumb/v7-m/nofp\libc_nano.a(libc_a-nano-vfprintf_float.o)
                              (_printf_float)
D:/SOFTWARE/en.st-stm32cubeide_1.18.1_24813_20250409_2138_x86_64.exe/STM32CubeIDE_1.18.1/STM32CubeIDE/plugins/com.st.stm32cube.ide.mcu.externaltools.gnu-tools-for-stm32.13.3.rel1.win32_1.0.0.202411081344/tools/bin/../lib/gcc/arm-none-eabi/13.3.1/../../../../arm-none-eabi/lib/thumb/v7-m/nofp\libc_nano.a(libc_a-nano-vfprintf_i.o)
                              D:/SOFTWARE/en.st-stm32cubeide_1.18.1_24813_20250409_2138_x86_64.exe/STM32CubeIDE_1.18.1/STM32CubeIDE/plugins/com.st.stm32cube.ide.mcu.externaltools.gnu-tools-for-stm32.13.3.rel1.win32_1.0.0.202411081344/tools/bin/../lib/gcc/arm-none-eabi/13.3.1/../../../../arm-none-eabi/lib/thumb/v7-m/nofp\libc_nano.a(libc_a-nano-vfprintf_float.o) (_printf_common)
D:/SOFTWARE/en.st-stm32cubeide_1.18.1_24813_20250409_2138_x86_64.exe/STM32CubeIDE_1.18.1/STM32CubeIDE/plugins/com.st.stm32cube.ide.mcu.externaltools.gnu-tools-for-stm32.13.3.rel1.win32_1.0.0.202411081344/tools/bin/../lib/gcc/arm-none-eabi/13.3.1/../../../../arm-none-eabi/lib/thumb/v7-m/nofp\libc_nano.a(libc_a-nano-vfscanf_float.o)
                              (_scanf_float)
D:/SOFTWARE/en.st-stm32cubeide_1.18.1_24813_20250409_2138_x86_64.exe/STM32CubeIDE_1.18.1/STM32CubeIDE/plugins/com.st.stm32cube.ide.mcu.externaltools.gnu-tools-for-stm32.13.3.rel1.win32_1.0.0.202411081344/tools/bin/../lib/gcc/arm-none-eabi/13.3.1/../../../../arm-none-eabi/lib/thumb/v7-m/nofp\libc_nano.a(libc_a-findfp.o)
                              D:/SOFTWARE/en.st-stm32cubeide_1.18.1_24813_20250409_2138_x86_64.exe/STM32CubeIDE_1.18.1/STM32CubeIDE/plugins/com.st.stm32cube.ide.mcu.externaltools.gnu-tools-for-stm32.13.3.rel1.win32_1.0.0.202411081344/tools/bin/../lib/gcc/arm-none-eabi/13.3.1/../../../../arm-none-eabi/lib/thumb/v7-m/nofp\libc_nano.a(libc_a-exit.o) (__stdio_exit_handler)
D:/SOFTWARE/en.st-stm32cubeide_1.18.1_24813_20250409_2138_x86_64.exe/STM32CubeIDE_1.18.1/STM32CubeIDE/plugins/com.st.stm32cube.ide.mcu.externaltools.gnu-tools-for-stm32.13.3.rel1.win32_1.0.0.202411081344/tools/bin/../lib/gcc/arm-none-eabi/13.3.1/../../../../arm-none-eabi/lib/thumb/v7-m/nofp\libc_nano.a(libc_a-fwalk.o)
                              D:/SOFTWARE/en.st-stm32cubeide_1.18.1_24813_20250409_2138_x86_64.exe/STM32CubeIDE_1.18.1/STM32CubeIDE/plugins/com.st.stm32cube.ide.mcu.externaltools.gnu-tools-for-stm32.13.3.rel1.win32_1.0.0.202411081344/tools/bin/../lib/gcc/arm-none-eabi/13.3.1/../../../../arm-none-eabi/lib/thumb/v7-m/nofp\libc_nano.a(libc_a-findfp.o) (_fwalk_sglue)
D:/SOFTWARE/en.st-stm32cubeide_1.18.1_24813_20250409_2138_x86_64.exe/STM32CubeIDE_1.18.1/STM32CubeIDE/plugins/com.st.stm32cube.ide.mcu.externaltools.gnu-tools-for-stm32.13.3.rel1.win32_1.0.0.202411081344/tools/bin/../lib/gcc/arm-none-eabi/13.3.1/../../../../arm-none-eabi/lib/thumb/v7-m/nofp\libc_nano.a(libc_a-sprintf.o)
                              ./Core/Src/loadcell.o (sprintf)
D:/SOFTWARE/en.st-stm32cubeide_1.18.1_24813_20250409_2138_x86_64.exe/STM32CubeIDE_1.18.1/STM32CubeIDE/plugins/com.st.stm32cube.ide.mcu.externaltools.gnu-tools-for-stm32.13.3.rel1.win32_1.0.0.202411081344/tools/bin/../lib/gcc/arm-none-eabi/13.3.1/../../../../arm-none-eabi/lib/thumb/v7-m/nofp\libc_nano.a(libc_a-stdio.o)
                              D:/SOFTWARE/en.st-stm32cubeide_1.18.1_24813_20250409_2138_x86_64.exe/STM32CubeIDE_1.18.1/STM32CubeIDE/plugins/com.st.stm32cube.ide.mcu.externaltools.gnu-tools-for-stm32.13.3.rel1.win32_1.0.0.202411081344/tools/bin/../lib/gcc/arm-none-eabi/13.3.1/../../../../arm-none-eabi/lib/thumb/v7-m/nofp\libc_nano.a(libc_a-findfp.o) (__sread)
D:/SOFTWARE/en.st-stm32cubeide_1.18.1_24813_20250409_2138_x86_64.exe/STM32CubeIDE_1.18.1/STM32CubeIDE/plugins/com.st.stm32cube.ide.mcu.externaltools.gnu-tools-for-stm32.13.3.rel1.win32_1.0.0.202411081344/tools/bin/../lib/gcc/arm-none-eabi/13.3.1/../../../../arm-none-eabi/lib/thumb/v7-m/nofp\libc_nano.a(libc_a-memset.o)
[...]
Memory Configuration

Name             Origin             Length             Attributes
RAM              0x20000000         0x00005000         xrw
FLASH            0x08000000         0x00010000         xr
*default*        0x00000000         0xffffffff

Linker script and memory map

LOAD D:/SOFTWARE/en.st-stm32cubeide_1.18.1_24813_20250409_2138_x86_64.exe/STM32CubeIDE_1.18.1/STM32CubeIDE/plugins/com.st.stm32cube.ide.mcu.externaltools.gnu-tools-for-stm32.13.3.rel1.win32_1.0.0.202411081344/tools/bin/../lib/gcc/arm-none-eabi/13.3.1/thumb/v7-m/nofp/crti.o
LOAD D:/SOFTWARE/en.st-stm32cubeide_1.18.1_24813_20250409_2138_x86_64.exe/STM32CubeIDE_1.18.1/STM32CubeIDE/plugins/com.st.stm32cube.ide.mcu.externaltools.gnu-tools-for-stm32.13.3.rel1.win32_1.0.0.202411081344/tools/bin/../lib/gcc/arm-none-eabi/13.3.1/thumb/v7-m/nofp/crtbegin.o
LOAD D:/SOFTWARE/en.st-stm32cubeide_1.18.1_24813_20250409_2138_x86_64.exe/STM32CubeIDE_1.18.1/STM32CubeIDE/plugins/com.st.stm32cube.ide.mcu.externaltools.gnu-tools-for-stm32.13.3.rel1.win32_1.0.0.202411081344/tools/bin/../lib/gcc/arm-none-eabi/13.3.1/../../../../arm-none-eabi/lib/thumb/v7-m/nofp/crt0.o
LOAD ./Core/Src/HX711.o
LOAD ./Core/Src/control_motor.o
LOAD ./Core/Src/hienthi.o
LOAD ./Core/Src/loadcell.o
LOAD ./Core/Src/main.o
LOAD ./Core/Src/speed_pid.o
LOAD ./Core/Src/stm32f1xx_hal_msp.o
LOAD ./Core/Src/stm32f1xx_it.o
LOAD ./Core/Src/syscalls.o
LOAD ./Core/Src/sysmem.o
LOAD ./Core/Src/system_stm32f1xx.o
LOAD ./Core/Startup/startup_stm32f103c8tx.o
LOAD ./Drivers/STM32F1xx_HAL_Driver/Src/stm32f1xx_hal.o
LOAD ./Drivers/STM32F1xx_HAL_Driver/Src/stm32f1xx_hal_adc.o
LOAD ./Drivers/STM32F1xx_HAL_Driver/Src/stm32f1xx_hal_adc_ex.o
LOAD ./Drivers/STM32F1xx_HAL_Driver/Src/stm32f1xx_hal_cortex.o
LOAD ./Drivers/STM32F1xx_HAL_Driver/Src/stm32f1xx_hal_dma.o
LOAD ./Drivers/STM32F1xx_HAL_Driver/Src/stm32f1xx_hal_exti.o
LOAD ./Drivers/STM32F1xx_HAL_Driver/Src/stm32f1xx_hal_flash.o
LOAD ./Drivers/STM32F1xx_HAL_Driver/Src/stm32f1xx_hal_flash_ex.o
LOAD ./Drivers/STM32F1xx_HAL_Driver/Src/stm32f1xx_hal_gpio.o
LOAD ./Drivers/STM32F1xx_HAL_Driver/Src/stm32f1xx_hal_gpio_ex.o
LOAD ./Drivers/STM32F1xx_HAL_Driver/Src/stm32f1xx_hal_pwr.o
LOAD ./Drivers/STM32F1xx_HAL_Driver/Src/stm32f1xx_hal_rcc.o
LOAD ./Drivers/STM32F1xx_HAL_Driver/Src/stm32f1xx_hal_rcc_ex.o
LOAD ./Drivers/STM32F1xx_HAL_Driver/Src/stm32f1xx_hal_tim.o
LOAD ./Drivers/STM32F1xx_HAL_Driver/Src/stm32f1xx_hal_tim_ex.o
LOAD ./Drivers/STM32F1xx_HAL_Driver/Src/stm32f1xx_hal_uart.o
START GROUP
LOAD D:/SOFTWARE/en.st-stm32cubeide_1.18.1_24813_20250409_2138_x86_64.exe/STM32CubeIDE_1.18.1/STM32CubeIDE/plugins/com.st.stm32cube.ide.mcu.externaltools.gnu-tools-for-stm32.13.3.rel1.win32_1.0.0.202411081344/tools/bin/../lib/gcc/arm-none-eabi/13.3.1/../../../../arm-none-eabi/lib/thumb/v7-m/nofp\libc_nano.a
LOAD D:/SOFTWARE/en.st-stm32cubeide_1.18.1_24813_20250409_2138_x86_64.exe/STM32CubeIDE_1.18.1/STM32CubeIDE/plugins/com.st.stm32cube.ide.mcu.externaltools.gnu-tools-for-stm32.13.3.rel1.win32_1.0.0.202411081344/tools/bin/../lib/gcc/arm-none-eabi/13.3.1/../../../../arm-none-eabi/lib/thumb/v7-m/nofp\libm.a
END GROUP
START GROUP
LOAD D:/SOFTWARE/en.st-stm32cubeide_1.18.1_24813_20250409_2138_x86_64.exe/STM32CubeIDE_1.18.1/STM32CubeIDE/plugins/com.st.stm32cube.ide.mcu.externaltools.gnu-tools-for-stm32.13.3.rel1.win32_1.0.0.202411081344/tools/bin/../lib/gcc/arm-none-eabi/13.3.1/thumb/v7-m/nofp\libgcc.a
LOAD D:/SOFTWARE/en.st-stm32cubeide_1.18.1_24813_20250409_2138_x86_64.exe/STM32CubeIDE_1.18.1/STM32CubeIDE/plugins/com.st.stm32cube.ide.mcu.externaltools.gnu-tools-for-stm32.13.3.rel1.win32_1.0.0.202411081344/tools/bin/../lib/gcc/arm-none-eabi/13.3.1/../../../../arm-none-eabi/lib/thumb/v7-m/nofp\libc_nano.a
END GROUP
START GROUP
LOAD D:/SOFTWARE/en.st-stm32cubeide_1.18.1_24813_20250409_2138_x86_64.exe/STM32CubeIDE_1.18.1/STM32CubeIDE/plugins/com.st.stm32cube.ide.mcu.externaltools.gnu-tools-for-stm32.13.3.rel1.win32_1.0.0.202411081344/tools/bin/../lib/gcc/arm-none-eabi/13.3.1/thumb/v7-m/nofp\libgcc.a
LOAD D:/SOFTWARE/en.st-stm32cubeide_1.18.1_24813_20250409_2138_x86_64.exe/STM32CubeIDE_1.18.1/STM32CubeIDE/plugins/com.st.stm32cube.ide.mcu.externaltools.gnu-tools-for-stm32.13.3.rel1.win32_1.0.0.202411081344/tools/bin/../lib/gcc/arm-none-eabi/13.3.1/../../../../arm-none-eabi/lib/thumb/v7-m/nofp\libc_nano.a
LOAD D:/SOFTWARE/en.st-stm32cubeide_1.18.1_24813_20250409_2138_x86_64.exe/STM32CubeIDE_1.18.1/STM32CubeIDE/plugins/com.st.stm32cube.ide.mcu.externaltools.gnu-tools-for-stm32.13.3.rel1.win32_1.0.0.202411081344/tools/bin/../lib/gcc/arm-none-eabi/13.3.1/../../../../arm-none-eabi/lib/thumb/v7-m/nofp\libnosys.a
END GROUP
START GROUP
LOAD D:/SOFTWARE/en.st-stm32cubeide_1.18.1_24813_20250409_2138_x86_64.exe/STM32CubeIDE_1.18.1/STM32CubeIDE/plugins/com.st.stm32cube.ide.mcu.externaltools.gnu-tools-for-stm32.13.3.rel1.win32_1.0.0.202411081344/tools/bin/../lib/gcc/arm-none-eabi/13.3.1/thumb/v7-m/nofp\libgcc.a
LOAD D:/SOFTWARE/en.st-stm32cubeide_1.18.1_24813_20250409_2138_x86_64.exe/STM32CubeIDE_1.18.1/STM32CubeIDE/plugins/com.st.stm32cube.ide.mcu.externaltools.gnu-tools-for-stm32.13.3.rel1.win32_1.0.0.202411081344/tools/bin/../lib/gcc/arm-none-eabi/13.3.1/../../../../arm-none-eabi/lib/thumb/v7-m/nofp\libc_nano.a
LOAD D:/SOFTWARE/en.st-stm32cubeide_1.18.1_24813_20250409_2138_x86_64.exe/STM32CubeIDE_1.18.1/STM32CubeIDE/plugins/com.st.stm32cube.ide.mcu.externaltools.gnu-tools-for-stm32.13.3.rel1.win32_1.0.0.202411081344/tools/bin/../lib/gcc/arm-none-eabi/13.3.1/../../../../arm-none-eabi/lib/thumb/v7-m/nofp\libnosys.a
END GROUP
LOAD D:/SOFTWARE/en.st-stm32cubeide_1.18.1_24813_20250409_2138_x86_64.exe/STM32CubeIDE_1.18.1/STM32CubeIDE/plugins/com.st.stm32cube.ide.mcu.externaltools.gnu-tools-for-stm32.13.3.rel1.win32_1.0.0.202411081344/tools/bin/../lib/gcc/arm-none-eabi/13.3.1/thumb/v7-m/nofp/crtend.o
LOAD D:/SOFTWARE/en.st-stm32cubeide_1.18.1_24813_20250409_2138_x86_64.exe/STM32CubeIDE_1.18.1/STM32CubeIDE/plugins/com.st.stm32cube.ide.mcu.externaltools.gnu-tools-for-stm32.13.3.rel1.win32_1.0.0.202411081344/tools/bin/../lib/gcc/arm-none-eabi/13.3.1/thumb/v7-m/nofp/crtn.o
                0x20005000                        _estack = (ORIGIN (RAM) + LENGTH (RAM))
                0x00000200                        _Min_Heap_Size = 0x200
                0x00000400                        _Min_Stack_Size = 0x400

.isr_vector     0x08000000      0x10c
                0x08000000                        . = ALIGN (0x4)
 *(.isr_vector)
 .isr_vector    0x08000000      0x10c ./Core/Startup/startup_stm32f103c8tx.o
                0x08000000                g_pfnVectors
                0x0800010c                        . = ALIGN (0x4)

.text           0x08000110     0xad54
                0x08000110                        . = ALIGN (0x4)
 *(.text)
 .text          0x08000110       0x40 D:/SOFTWARE/en.st-stm32cubeide_1.18.1_24813_20250409_2138_x86_64.exe/STM32CubeIDE_1.18.1/STM32CubeIDE/plugins/com.st.stm32cube.ide.mcu.externaltools.gnu-tools-for-stm32.13.3.rel1.win32_1.0.0.202411081344/tools/bin/../lib/gcc/arm-none-eabi/13.3.1/thumb/v7-m/nofp/crtbegin.o
 .text          0x08000150       0x10 D:/SOFTWARE/en.st-stm32cubeide_1.18.1_24813_20250409_2138_x86_64.exe/STM32CubeIDE_1.18.1/STM32CubeIDE/plugins/com.st.stm32cube.ide.mcu.externaltools.gnu-tools-for-stm32.13.3.rel1.win32_1.0.0.202411081344/tools/bin/../lib/gcc/arm-none-eabi/13.3.1/../../../../arm-none-eabi/lib/thumb/v7-m/nofp\libc_nano.a(libc_a-strlen.o)
                0x08000150                strlen
 .text          0x08000160      0x378 D:/SOFTWARE/en.st-stm32cubeide_1.18.1_24813_20250409_2138_x86_64.exe/STM32CubeIDE_1.18.1/STM32CubeIDE/plugins/com.st.stm32cube.ide.mcu.externaltools.gnu-tools-for-stm32.13.3.rel1.win32_1.0.0.202411081344/tools/bin/../lib/gcc/arm-none-eabi/13.3.1/thumb/v7-m/nofp\libgcc.a(_arm_addsubdf3.o)
                0x08000160                __aeabi_drsub
                0x08000168                __aeabi_dsub
                0x08000168                __subdf3
                0x0800016c                __aeabi_dadd
                0x0800016c                __adddf3
                0x080003e4                __floatunsidf
                0x080003e4                __aeabi_ui2d
                0x08000404                __floatsidf
                0x08000404                __aeabi_i2d
                0x08000428                __aeabi_f2d
                0x08000428                __extendsfdf2
                0x0800046c                __floatundidf
                0x0800046c                __aeabi_ul2d
                0x0800047c                __floatdidf
                0x0800047c                __aeabi_l2d
 .text          0x080004d8      0x424 D:/SOFTWARE/en.st-stm32cubeide_1.18.1_24813_20250409_2138_x86_64.exe/STM32CubeIDE_1.18.1/STM32CubeIDE/plugins/com.st.stm32cube.ide.mcu.externaltools.gnu-tools-for-stm32.13.3.rel1.win32_1.0.0.202411081344/tools/bin/../lib/gcc/arm-none-eabi/13.3.1/thumb/v7-m/nofp\libgcc.a(_arm_muldivdf3.o)
                0x080004d8                __aeabi_dmul
                0x080004d8                __muldf3
                0x0800072c                __divdf3
                0x0800072c                __aeabi_ddiv
 .text          0x080008fc      0x110 D:/SOFTWARE/en.st-stm32cubeide_1.18.1_24813_20250409_2138_x86_64.exe/STM32CubeIDE_1.18.1/STM32CubeIDE/plugins/com.st.stm32cube.ide.mcu.externaltools.gnu-tools-for-stm32.13.3.rel1.win32_1.0.0.202411081344/tools/bin/../lib/gcc/arm-none-eabi/13.3.1/thumb/v7-m/nofp\libgcc.a(_arm_cmpdf2.o)
                0x080008fc                __gtdf2
                0x080008fc                __gedf2
                0x08000904                __ltdf2
                0x08000904                __ledf2
                0x0800090c                __nedf2
                0x0800090c                __eqdf2
                0x0800090c                __cmpdf2
                0x08000988                __aeabi_cdrcmple
                0x08000998                __aeabi_cdcmpeq
                0x08000998                __aeabi_cdcmple
                0x080009a8                __aeabi_dcmpeq
                0x080009bc                __aeabi_dcmplt
                0x080009d0                __aeabi_dcmple
                0x080009e4                __aeabi_dcmpge
                0x080009f8                __aeabi_dcmpgt
 .text          0x08000a0c       0x2c D:/SOFTWARE/en.st-stm32cubeide_1.18.1_24813_20250409_2138_x86_64.exe/STM32CubeIDE_1.18.1/STM32CubeIDE/plugins/com.st.stm32cube.ide.mcu.externaltools.gnu-tools-for-stm32.13.3.rel1.win32_1.0.0.202411081344/tools/bin/../lib/gcc/arm-none-eabi/13.3.1/thumb/v7-m/nofp\libgcc.a(_arm_unorddf2.o)
                0x08000a0c                __unorddf2
                0x08000a0c                __aeabi_dcmpun
 .text          0x08000a38       0x50 D:/SOFTWARE/en.st-stm32cubeide_1.18.1_24813_20250409_2138_x86_64.exe/STM32CubeIDE_1.18.1/STM32CubeIDE/plugins/com.st.stm32cube.ide.mcu.externaltools.gnu-tools-for-stm32.13.3.rel1.win32_1.0.0.202411081344/tools/bin/../lib/gcc/arm-none-eabi/13.3.1/thumb/v7-m/nofp\libgcc.a(_arm_fixdfsi.o)
                0x08000a38                __aeabi_d2iz
                0x08000a38                __fixdfsi
 .text          0x08000a88       0x40 D:/SOFTWARE/en.st-stm32cubeide_1.18.1_24813_20250409_2138_x86_64.exe/STM32CubeIDE_1.18.1/STM32CubeIDE/plugins/com.st.stm32cube.ide.mcu.externaltools.gnu-tools-for-stm32.13.3.rel1.win32_1.0.0.202411081344/tools/bin/../lib/gcc/arm-none-eabi/13.3.1/thumb/v7-m/nofp\libgcc.a(_arm_fixunsdfsi.o)
                0x08000a88                __aeabi_d2uiz
                0x08000a88                __fixunsdfsi
 .text          0x08000ac8       0xa0 D:/SOFTWARE/en.st-stm32cubeide_1.18.1_24813_20250409_2138_x86_64.exe/STM32CubeIDE_1.18.1/STM32CubeIDE/plugins/com.st.stm32cube.ide.mcu.externaltools.gnu-tools-for-stm32.13.3.rel1.win32_1.0.0.202411081344/tools/bin/../lib/gcc/arm-none-eabi/13.3.1/thumb/v7-m/nofp\libgcc.a(_arm_truncdfsf2.o)
                0x08000ac8                __truncdfsf2
                0x08000ac8                __aeabi_d2f
 .text          0x08000b68      0x21c D:/SOFTWARE/en.st-stm32cubeide_1.18.1_24813_20250409_2138_x86_64.exe/STM32CubeIDE_1.18.1/STM32CubeIDE/plugins/com.st.stm32cube.ide.mcu.externaltools.gnu-tools-for-stm32.13.3.rel1.win32_1.0.0.202411081344/tools/bin/../lib/gcc/arm-none-eabi/13.3.1/thumb/v7-m/nofp\libgcc.a(_arm_addsubsf3.o)
                0x08000b68                __aeabi_frsub
                0x08000b70                __subsf3
                0x08000b70                __aeabi_fsub
                0x08000b74                __aeabi_fadd
                0x08000b74                __addsf3
                0x08000cd4                __aeabi_ui2f
                0x08000cd4                __floatunsisf
                0x08000cdc                __aeabi_i2f
                0x08000cdc                __floatsisf
                0x08000cf8                __aeabi_ul2f
                0x08000cf8                __floatundisf
                0x08000d08                __aeabi_l2f
                0x08000d08                __floatdisf
 .text          0x08000d84      0x2a0 D:/SOFTWARE/en.st-stm32cubeide_1.18.1_24813_20250409_2138_x86_64.exe/STM32CubeIDE_1.18.1/STM32CubeIDE/plugins/com.st.stm32cube.ide.mcu.externaltools.gnu-tools-for-stm32.13.3.rel1.win32_1.0.0.202411081344/tools/bin/../lib/gcc/arm-none-eabi/13.3.1/thumb/v7-m/nofp\libgcc.a(_arm_muldivsf3.o)
                0x08000d84                __mulsf3
                0x08000d84                __aeabi_fmul
                0x08000eec                __aeabi_fdiv
                0x08000eec                __divsf3
 .text          0x08001024       0xec D:/SOFTWARE/en.st-stm32cubeide_1.18.1_24813_20250409_2138_x86_64.exe/STM32CubeIDE_1.18.1/STM32CubeIDE/plugins/com.st.stm32cube.ide.mcu.externaltools.gnu-tools-for-stm32.13.3.rel1.win32_1.0.0.202411081344/tools/bin/../lib/gcc/arm-none-eabi/13.3.1/thumb/v7-m/nofp\libgcc.a(_arm_cmpsf2.o)
                0x08001024                __gesf2
                0x08001024                __gtsf2
                0x0800102c                __lesf2
                0x0800102c                __ltsf2
                0x08001034                __nesf2
                0x08001034                __eqsf2
                0x08001034                __cmpsf2
                0x08001094                __aeabi_cfrcmple
                0x0800109c                __aeabi_cfcmpeq
                0x0800109c                __aeabi_cfcmple
                0x080010ac                __aeabi_fcmpeq
                0x080010c0                __aeabi_fcmplt
                0x080010d4                __aeabi_fcmple
                0x080010e8                __aeabi_fcmpge
                0x080010fc                __aeabi_fcmpgt
 .text          0x08001110       0x40 D:/SOFTWARE/en.st-stm32cubeide_1.18.1_24813_20250409_2138_x86_64.exe/STM32CubeIDE_1.18.1/STM32CubeIDE/plugins/com.st.stm32cube.ide.mcu.externaltools.gnu-tools-for-stm32.13.3.rel1.win32_1.0.0.202411081344/tools/bin/../lib/gcc/arm-none-eabi/13.3.1/thumb/v7-m/nofp\libgcc.a(_arm_fixunssfsi.o)
                0x08001110                __fixunssfsi
                0x08001110                __aeabi_f2uiz
 .text          0x08001150       0xa0 D:/SOFTWARE/en.st-stm32cubeide_1.18.1_24813_20250409_2138_x86_64.exe/STM32CubeIDE_1.18.1/STM32CubeIDE/plugins/com.st.stm32cube.ide.mcu.externaltools.gnu-tools-for-stm32.13.3.rel1.win32_1.0.0.202411081344/tools/bin/../lib/gcc/arm-none-eabi/13.3.1/thumb/v7-m/nofp\libgcc.a(_aeabi_ldivmod.o)
                0x08001150                __aeabi_ldivmod
 .text          0x080011f0       0x30 D:/SOFTWARE/en.st-stm32cubeide_1.18.1_24813_20250409_2138_x86_64.exe/STM32CubeIDE_1.18.1/STM32CubeIDE/plugins/com.st.stm32cube.ide.mcu.externaltools.gnu-tools-for-stm32.13.3.rel1.win32_1.0.0.202411081344/tools/bin/../lib/gcc/arm-none-eabi/13.3.1/thumb/v7-m/nofp\libgcc.a(_fixdfdi.o)
                0x080011f0                __fixdfdi
                0x080011f0                __aeabi_d2lz
 .text          0x08001220       0x3c D:/SOFTWARE/en.st-stm32cubeide_1.18.1_24813_20250409_2138_x86_64.exe/STM32CubeIDE_1.18.1/STM32CubeIDE/plugins/com.st.stm32cube.ide.mcu.externaltools.gnu-tools-for-stm32.13.3.rel1.win32_1.0.0.202411081344/tools/bin/../lib/gcc/arm-none-eabi/13.3.1/thumb/v7-m/nofp\libgcc.a(_fixunsdfdi.o)
                0x08001220                __fixunsdfdi
                0x08001220                __aeabi_d2ulz
 .text          0x0800125c      0x300 D:/SOFTWARE/en.st-stm32cubeide_1.18.1_24813_20250409_2138_x86_64.exe/STM32CubeIDE_1.18.1/STM32CubeIDE/plugins/com.st.stm32cube.ide.mcu.externaltools.gnu-tools-for-stm32.13.3.rel1.win32_1.0.0.202411081344/tools/bin/../lib/gcc/arm-none-eabi/13.3.1/thumb/v7-m/nofp\libgcc.a(_udivmoddi4.o)
                0x0800125c                __udivmoddi4
 .text          0x0800155c        0x4 D:/SOFTWARE/en.st-stm32cubeide_1.18.1_24813_20250409_2138_x86_64.exe/STM32CubeIDE_1.18.1/STM32CubeIDE/plugins/com.st.stm32cube.ide.mcu.externaltools.gnu-tools-for-stm32.13.3.rel1.win32_1.0.0.202411081344/tools/bin/../lib/gcc/arm-none-eabi/13.3.1/thumb/v7-m/nofp\libgcc.a(_dvmd_tls.o)
                0x0800155c                __aeabi_idiv0
                0x0800155c                __aeabi_ldiv0
 *(.text*)
 .text.HX711_Delay_us
                0x08001560       0x48 ./Core/Src/HX711.o
 .text.HX711_DWT_Init
                0x080015a8       0x34 ./Core/Src/HX711.o
                0x080015a8                HX711_DWT_Init
 .text.HX711_Init
                0x080015dc       0x54 ./Core/Src/HX711.o
                0x080015dc                HX711_Init
 .text.HX711_ReadRaw
                0x08001630      0x132 ./Core/Src/HX711.o
                0x08001630                HX711_ReadRaw
 .text.HX711_ReadAverage
                0x08001762       0x80 ./Core/Src/HX711.o
                0x08001762                HX711_ReadAverage
 .text.HX711_Tare
                0x080017e2       0x26 ./Core/Src/HX711.o
                0x080017e2                HX711_Tare
 .text.HX711_SetScale
                0x08001808       0x2a ./Core/Src/HX711.o
                0x08001808                HX711_SetScale
 .text.HX711_SetOffset
                0x08001832       0x1a ./Core/Src/HX711.o
                0x08001832                HX711_SetOffset
 .text.HX711_GetOffset
                0x0800184c       0x16 ./Core/Src/HX711.o
                0x0800184c                HX711_GetOffset
 .text.HX711_GetUnits
                0x08001862       0x52 ./Core/Src/HX711.o
                0x08001862                HX711_GetUnits
 .text.print_uart
                0x080018b4       0x2c ./Core/Src/hienthi.o
                0x080018b4                print_uart
 .text.LoadCell_Init
                0x080018e0       0xe8 ./Core/Src/loadcell.o
                0x080018e0                LoadCell_Init
 .text.LoadCell_TareAuto
                0x080019c8       0x28 ./Core/Src/loadcell.o
                0x080019c8                LoadCell_TareAuto
 .text.LoadCell_ReadGram
                0x080019f0       0xf0 ./Core/Src/loadcell.o
                0x080019f0                LoadCell_ReadGram
 .text.chieu_thuan_dongco_trai
                0x08001ae0       0x20 ./Core/Src/main.o
                0x08001ae0                chieu_thuan_dongco_trai
 .text.chieu_thuan_dongco_phai
                0x08001b00       0x20 ./Core/Src/main.o
                0x08001b00                chieu_thuan_dongco_phai
 .text.Motor_ReadSpeed
                0x08001b20      0x15c ./Core/Src/main.o
                0x08001b20                Motor_ReadSpeed
 .text.HAL_ADC_ConvCpltCallback
                0x08001c7c       0x6c ./Core/Src/main.o
                0x08001c7c                HAL_ADC_ConvCpltCallback
 .text.read_line_sensor
                0x08001ce8       0x58 ./Core/Src/main.o
                0x08001ce8                read_line_sensor
 .text.normalize_sensor
                0x08001d40       0xf0 ./Core/Src/main.o
                0x08001d40                normalize_sensor
 .text.get_line_position
                0x08001e30       0x80 ./Core/Src/main.o
                0x08001e30                get_line_position
 .text.print_line_sensor_data
                0x08001eb0       0xf8 ./Core/Src/main.o
                0x08001eb0                print_line_sensor_data
 .text.line_pid_control
                0x08001fa8      0x170 ./Core/Src/main.o
                0x08001fa8                line_pid_control
 .text.PID_Speed
                0x08002118       0xd8 ./Core/Src/main.o
                0x08002118                PID_Speed
 .text.kiem_tra_loai_hang
                0x080021f0       0x70 ./Core/Src/main.o
                0x080021f0                kiem_tra_loai_hang
 .text.xu_ly_diem_nhan_hang
                0x08002260       0xe0 ./Core/Src/main.o
                0x08002260                xu_ly_diem_nhan_hang
 .text.re_trai  0x08002340       0x88 ./Core/Src/main.o
                0x08002340                re_trai
 .text.re_phai  0x080023c8       0x84 ./Core/Src/main.o
                0x080023c8                re_phai
 .text.xu_ly_diem_re
                0x0800244c       0x98 ./Core/Src/main.o
                0x0800244c                xu_ly_diem_re
 .text.ket_thuc_re
                0x080024e4       0x30 ./Core/Src/main.o
                0x080024e4                ket_thuc_re
 .text.check_stop_simple
                0x08002514       0xc4 ./Core/Src/main.o
                0x08002514                check_stop_simple
 .text.main     0x080025d8      0x1e0 ./Core/Src/main.o
                0x080025d8                main
 .text.SystemClock_Config
                0x080027b8       0xb8 ./Core/Src/main.o
                0x080027b8                SystemClock_Config
 .text.MX_ADC1_Init
                0x08002870       0xf8 ./Core/Src/main.o
 .text.MX_TIM1_Init
                0x08002968      0x120 ./Core/Src/main.o
 .text.MX_TIM2_Init
                0x08002a88       0xa8 ./Core/Src/main.o
 .text.MX_TIM3_Init
                0x08002b30       0x9c ./Core/Src/main.o
 .text.MX_TIM4_Init
                0x08002bcc       0xa8 ./Core/Src/main.o
 .text.MX_USART1_UART_Init
                0x08002c74       0x54 ./Core/Src/main.o
 .text.MX_USART3_UART_Init
                0x08002cc8       0x54 ./Core/Src/main.o
 .text.MX_DMA_Init
                0x08002d1c       0x3c ./Core/Src/main.o
 .text.MX_GPIO_Init
                0x08002d58       0xdc ./Core/Src/main.o
 .text.Error_Handler
                0x08002e34        0xc ./Core/Src/main.o
                0x08002e34                Error_Handler
 .text.HAL_MspInit
                0x08002e40       0x64 ./Core/Src/stm32f1xx_hal_msp.o
                0x08002e40                HAL_MspInit
 .text.HAL_ADC_MspInit
                0x08002ea4       0xe4 ./Core/Src/stm32f1xx_hal_msp.o
                0x08002ea4                HAL_ADC_MspInit
 .text.HAL_TIM_PWM_MspInit
                0x08002f88       0x3c ./Core/Src/stm32f1xx_hal_msp.o
                0x08002f88                HAL_TIM_PWM_MspInit
 .text.HAL_TIM_Encoder_MspInit
                0x08002fc4      0x130 ./Core/Src/stm32f1xx_hal_msp.o
                0x08002fc4                HAL_TIM_Encoder_MspInit
 .text.HAL_TIM_Base_MspInit
                0x080030f4       0x4c ./Core/Src/stm32f1xx_hal_msp.o
                0x080030f4                HAL_TIM_Base_MspInit
 .text.HAL_TIM_MspPostInit
                0x08003140       0x68 ./Core/Src/stm32f1xx_hal_msp.o
                0x08003140                HAL_TIM_MspPostInit
 .text.HAL_UART_MspInit
                0x080031a8      0x110 ./Core/Src/stm32f1xx_hal_msp.o
                0x080031a8                HAL_UART_MspInit
 .text.NMI_Handler
                0x080032b8        0x8 ./Core/Src/stm32f1xx_it.o
                0x080032b8                NMI_Handler
 .text.HardFault_Handler
                0x080032c0        0x8 ./Core/Src/stm32f1xx_it.o
                0x080032c0                HardFault_Handler
 .text.MemManage_Handler
                0x080032c8        0x8 ./Core/Src/stm32f1xx_it.o
                0x080032c8                MemManage_Handler
 .text.BusFault_Handler
                0x080032d0        0x8 ./Core/Src/stm32f1xx_it.o
                0x080032d0                BusFault_Handler
 .text.UsageFault_Handler
                0x080032d8        0x8 ./Core/Src/stm32f1xx_it.o
                0x080032d8                UsageFault_Handler
 .text.SVC_Handler
                0x080032e0        0xc ./Core/Src/stm32f1xx_it.o
                0x080032e0                SVC_Handler
 .text.DebugMon_Handler
                0x080032ec        0xc ./Core/Src/stm32f1xx_it.o
                0x080032ec                DebugMon_Handler
 .text.PendSV_Handler
                0x080032f8        0xc ./Core/Src/stm32f1xx_it.o
                0x080032f8                PendSV_Handler
 .text.SysTick_Handler
                0x08003304        0xc ./Core/Src/stm32f1xx_it.o
                0x08003304                SysTick_Handler
 .text.DMA1_Channel1_IRQHandler
                0x08003310       0x14 ./Core/Src/stm32f1xx_it.o
                0x08003310                DMA1_Channel1_IRQHandler
 .text.ADC1_2_IRQHandler
                0x08003324       0x14 ./Core/Src/stm32f1xx_it.o
                0x08003324                ADC1_2_IRQHandler
 .text.TIM3_IRQHandler
                0x08003338       0x14 ./Core/Src/stm32f1xx_it.o
                0x08003338                TIM3_IRQHandler
 .text._getpid  0x0800334c        0xe ./Core/Src/syscalls.o
                0x0800334c                _getpid
 .text._kill    0x0800335a       0x20 ./Core/Src/syscalls.o
                0x0800335a                _kill
 .text._exit    0x0800337a       0x16 ./Core/Src/syscalls.o
                0x0800337a                _exit
 .text._read    0x08003390       0x3a ./Core/Src/syscalls.o
                0x08003390                _read
 .text._write   0x080033ca       0x38 ./Core/Src/syscalls.o
                0x080033ca                _write
 .text._close   0x08003402       0x16 ./Core/Src/syscalls.o
                0x08003402                _close
 .text._fstat   0x08003418       0x1e ./Core/Src/syscalls.o
                0x08003418                _fstat
 .text._isatty  0x08003436       0x14 ./Core/Src/syscalls.o
                0x08003436                _isatty
 .text._lseek   0x0800344a       0x18 ./Core/Src/syscalls.o
                0x0800344a                _lseek
 *fill*         0x08003462        0x2 
 .text._sbrk    0x08003464       0x6c ./Core/Src/sysmem.o
                0x08003464                _sbrk
 .text.SystemInit
                0x080034d0        0xc ./Core/Src/system_stm32f1xx.o
                0x080034d0                SystemInit
 .text.Reset_Handler
                0x080034dc       0x48 ./Core/Startup/startup_stm32f103c8tx.o
                0x080034dc                Reset_Handler
 .text.Default_Handler
                0x08003524        0x2 ./Core/Startup/startup_stm32f103c8tx.o
                0x08003524                RTC_Alarm_IRQHandler
                0x08003524                EXTI2_IRQHandler
                0x08003524                TIM1_CC_IRQHandler
                0x08003524                PVD_IRQHandler
                0x08003524                EXTI3_IRQHandler
                0x08003524                EXTI0_IRQHandler
                0x08003524                I2C2_EV_IRQHandler
                0x08003524                SPI1_IRQHandler
                0x08003524                TAMPER_IRQHandler
                0x08003524                DMA1_Channel4_IRQHandler
                0x08003524                USART3_IRQHandler
                0x08003524                RTC_IRQHandler
                0x08003524                DMA1_Channel7_IRQHandler
                0x08003524                CAN1_RX1_IRQHandler
                0x08003524                TIM4_IRQHandler
                0x08003524                I2C1_EV_IRQHandler
                0x08003524                DMA1_Channel6_IRQHandler
                0x08003524                RCC_IRQHandler
                0x08003524                TIM1_TRG_COM_IRQHandler
                0x08003524                Default_Handler
                0x08003524                EXTI15_10_IRQHandler
                0x08003524                EXTI9_5_IRQHandler
                0x08003524                SPI2_IRQHandler
                0x08003524                DMA1_Channel5_IRQHandler
                0x08003524                EXTI4_IRQHandler
                0x08003524                USB_LP_CAN1_RX0_IRQHandler
                0x08003524                USB_HP_CAN1_TX_IRQHandler
                0x08003524                DMA1_Channel3_IRQHandler
                0x08003524                TIM1_UP_IRQHandler
                0x08003524                WWDG_IRQHandler
                0x08003524                TIM2_IRQHandler
                0x08003524                TIM1_BRK_IRQHandler
                0x08003524                EXTI1_IRQHandler
                0x08003524                USART2_IRQHandler
                0x08003524                I2C2_ER_IRQHandler
                0x08003524                DMA1_Channel2_IRQHandler
                0x08003524                CAN1_SCE_IRQHandler
                0x08003524                FLASH_IRQHandler
                0x08003524                USART1_IRQHandler
                0x08003524                I2C1_ER_IRQHandler
                0x08003524                USBWakeUp_IRQHandler
 *fill*         0x08003526        0x2 
 .text.HAL_Init
                0x08003528       0x2c ./Drivers/STM32F1xx_HAL_Driver/Src/stm32f1xx_hal.o
                0x08003528                HAL_Init
 .text.HAL_InitTick
                0x08003554       0x60 ./Drivers/STM32F1xx_HAL_Driver/Src/stm32f1xx_hal.o
                0x08003554                HAL_InitTick
 .text.HAL_IncTick
                0x080035b4       0x24 ./Drivers/STM32F1xx_HAL_Driver/Src/stm32f1xx_hal.o
                0x080035b4                HAL_IncTick
 .text.HAL_GetTick
                0x080035d8       0x14 ./Drivers/STM32F1xx_HAL_Driver/Src/stm32f1xx_hal.o
                0x080035d8                HAL_GetTick
 .text.HAL_Delay
                0x080035ec       0x48 ./Drivers/STM32F1xx_HAL_Driver/Src/stm32f1xx_hal.o
                0x080035ec                HAL_Delay
 .text.HAL_ADC_Init
                0x08003634      0x1b0 ./Drivers/STM32F1xx_HAL_Driver/Src/stm32f1xx_hal_adc.o
                0x08003634                HAL_ADC_Init
 .text.HAL_ADC_Start_DMA
                0x080037e4      0x1bc ./Drivers/STM32F1xx_HAL_Driver/Src/stm32f1xx_hal_adc.o
                0x080037e4                HAL_ADC_Start_DMA
 .text.HAL_ADC_IRQHandler
                0x080039a0      0x17e ./Drivers/STM32F1xx_HAL_Driver/Src/stm32f1xx_hal_adc.o
                0x080039a0                HAL_ADC_IRQHandler
 .text.HAL_ADC_ConvHalfCpltCallback
                0x08003b1e       0x12 ./Drivers/STM32F1xx_HAL_Driver/Src/stm32f1xx_hal_adc.o
                0x08003b1e                HAL_ADC_ConvHalfCpltCallback
 .text.HAL_ADC_LevelOutOfWindowCallback
                0x08003b30       0x12 ./Drivers/STM32F1xx_HAL_Driver/Src/stm32f1xx_hal_adc.o
                0x08003b30                HAL_ADC_LevelOutOfWindowCallback
 .text.HAL_ADC_ErrorCallback
                0x08003b42       0x12 ./Drivers/STM32F1xx_HAL_Driver/Src/stm32f1xx_hal_adc.o
                0x08003b42                HAL_ADC_ErrorCallback
 .text.HAL_ADC_ConfigChannel
                0x08003b54      0x1f0 ./Drivers/STM32F1xx_HAL_Driver/Src/stm32f1xx_hal_adc.o
                0x08003b54                HAL_ADC_ConfigChannel
 .text.ADC_Enable
                0x08003d44       0xb4 ./Drivers/STM32F1xx_HAL_Driver/Src/stm32f1xx_hal_adc.o
                0x08003d44                ADC_Enable
 .text.ADC_ConversionStop_Disable
                0x08003df8       0x82 ./Drivers/STM32F1xx_HAL_Driver/Src/stm32f1xx_hal_adc.o
                0x08003df8                ADC_ConversionStop_Disable
 .text.ADC_DMAConvCplt
                0x08003e7a       0x7c ./Drivers/STM32F1xx_HAL_Driver/Src/stm32f1xx_hal_adc.o
                0x08003e7a                ADC_DMAConvCplt
 .text.ADC_DMAHalfConvCplt
                0x08003ef6       0x1c ./Drivers/STM32F1xx_HAL_Driver/Src/stm32f1xx_hal_adc.o
                0x08003ef6                ADC_DMAHalfConvCplt
 .text.ADC_DMAError
                0x08003f12       0x34 ./Drivers/STM32F1xx_HAL_Driver/Src/stm32f1xx_hal_adc.o
                0x08003f12                ADC_DMAError
 .text.HAL_ADCEx_InjectedConvCpltCallback
                0x08003f46       0x12 ./Drivers/STM32F1xx_HAL_Driver/Src/stm32f1xx_hal_adc_ex.o
                0x08003f46                HAL_ADCEx_InjectedConvCpltCallback
 .text.__NVIC_SetPriorityGrouping
                0x08003f58       0x48 ./Drivers/STM32F1xx_HAL_Driver/Src/stm32f1xx_hal_cortex.o
 .text.__NVIC_GetPriorityGrouping
                0x08003fa0       0x1c ./Drivers/STM32F1xx_HAL_Driver/Src/stm32f1xx_hal_cortex.o
 .text.__NVIC_EnableIRQ
                0x08003fbc       0x38 ./Drivers/STM32F1xx_HAL_Driver/Src/stm32f1xx_hal_cortex.o
 .text.__NVIC_SetPriority
                0x08003ff4       0x54 ./Drivers/STM32F1xx_HAL_Driver/Src/stm32f1xx_hal_cortex.o
 .text.NVIC_EncodePriority
                0x08004048       0x64 ./Drivers/STM32F1xx_HAL_Driver/Src/stm32f1xx_hal_cortex.o
 .text.SysTick_Config
                0x080040ac       0x44 ./Drivers/STM32F1xx_HAL_Driver/Src/stm32f1xx_hal_cortex.o
 .text.HAL_NVIC_SetPriorityGrouping
                0x080040f0       0x16 ./Drivers/STM32F1xx_HAL_Driver/Src/stm32f1xx_hal_cortex.o
                0x080040f0                HAL_NVIC_SetPriorityGrouping
 .text.HAL_NVIC_SetPriority
                0x08004106       0x38 ./Drivers/STM32F1xx_HAL_Driver/Src/stm32f1xx_hal_cortex.o
                0x08004106                HAL_NVIC_SetPriority
 .text.HAL_NVIC_EnableIRQ
                0x0800413e       0x1c ./Drivers/STM32F1xx_HAL_Driver/Src/stm32f1xx_hal_cortex.o
                0x0800413e                HAL_NVIC_EnableIRQ
 .text.HAL_SYSTICK_Config
                0x0800415a       0x18 ./Drivers/STM32F1xx_HAL_Driver/Src/stm32f1xx_hal_cortex.o
                0x0800415a                HAL_SYSTICK_Config
 *fill*         0x08004172        0x2 
 .text.HAL_DMA_Init
                0x08004174       0xb4 ./Drivers/STM32F1xx_HAL_Driver/Src/stm32f1xx_hal_dma.o
                0x08004174                HAL_DMA_Init
 .text.HAL_DMA_Start_IT
                0x08004228       0xc0 ./Drivers/STM32F1xx_HAL_Driver/Src/stm32f1xx_hal_dma.o
                0x08004228                HAL_DMA_Start_IT
 .text.HAL_DMA_IRQHandler
                0x080042e8      0x20c ./Drivers/STM32F1xx_HAL_Driver/Src/stm32f1xx_hal_dma.o
                0x080042e8                HAL_DMA_IRQHandler
 .text.DMA_SetConfig
                0x080044f4       0x5a ./Drivers/STM32F1xx_HAL_Driver/Src/stm32f1xx_hal_dma.o
 *fill*         0x0800454e        0x2 
 .text.HAL_GPIO_Init
                0x08004550      0x308 ./Drivers/STM32F1xx_HAL_Driver/Src/stm32f1xx_hal_gpio.o
                0x08004550                HAL_GPIO_Init
 .text.HAL_GPIO_ReadPin
                0x08004858       0x2e ./Drivers/STM32F1xx_HAL_Driver/Src/stm32f1xx_hal_gpio.o
                0x08004858                HAL_GPIO_ReadPin
 .text.HAL_GPIO_WritePin
                0x08004886       0x30 ./Drivers/STM32F1xx_HAL_Driver/Src/stm32f1xx_hal_gpio.o
                0x08004886                HAL_GPIO_WritePin
 *fill*         0x080048b6        0x2 
 .text.HAL_RCC_OscConfig
                0x080048b8      0x504 ./Drivers/STM32F1xx_HAL_Driver/Src/stm32f1xx_hal_rcc.o
                0x080048b8                HAL_RCC_OscConfig
 .text.HAL_RCC_ClockConfig
                0x08004dbc      0x1d4 ./Drivers/STM32F1xx_HAL_Driver/Src/stm32f1xx_hal_rcc.o
                0x08004dbc                HAL_RCC_ClockConfig
 .text.HAL_RCC_GetSysClockFreq
                0x08004f90       0xa8 ./Drivers/STM32F1xx_HAL_Driver/Src/stm32f1xx_hal_rcc.o
                0x08004f90                HAL_RCC_GetSysClockFreq
 .text.HAL_RCC_GetHCLKFreq
                0x08005038       0x14 ./Drivers/STM32F1xx_HAL_Driver/Src/stm32f1xx_hal_rcc.o
                0x08005038                HAL_RCC_GetHCLKFreq
 .text.HAL_RCC_GetPCLK1Freq
                0x0800504c       0x28 ./Drivers/STM32F1xx_HAL_Driver/Src/stm32f1xx_hal_rcc.o
                0x0800504c                HAL_RCC_GetPCLK1Freq
 .text.HAL_RCC_GetPCLK2Freq
                0x08005074       0x28 ./Drivers/STM32F1xx_HAL_Driver/Src/stm32f1xx_hal_rcc.o
                0x08005074                HAL_RCC_GetPCLK2Freq
 .text.RCC_Delay
                0x0800509c       0x3c ./Drivers/STM32F1xx_HAL_Driver/Src/stm32f1xx_hal_rcc.o
 .text.HAL_RCCEx_PeriphCLKConfig
                0x080050d8      0x16c ./Drivers/STM32F1xx_HAL_Driver/Src/stm32f1xx_hal_rcc_ex.o
                0x080050d8                HAL_RCCEx_PeriphCLKConfig
 .text.HAL_TIM_Base_Init
                0x08005244       0x9e ./Drivers/STM32F1xx_HAL_Driver/Src/stm32f1xx_hal_tim.o
                0x08005244                HAL_TIM_Base_Init
 .text.HAL_TIM_PWM_Init
                0x080052e2       0x9e ./Drivers/STM32F1xx_HAL_Driver/Src/stm32f1xx_hal_tim.o
                0x080052e2                HAL_TIM_PWM_Init
 .text.HAL_TIM_PWM_Start
                0x08005380      0x144 ./Drivers/STM32F1xx_HAL_Driver/Src/stm32f1xx_hal_tim.o
                0x08005380                HAL_TIM_PWM_Start
 .text.HAL_TIM_Encoder_Init
                0x080054c4      0x144 ./Drivers/STM32F1xx_HAL_Driver/Src/stm32f1xx_hal_tim.o
                0x080054c4                HAL_TIM_Encoder_Init
 .text.HAL_TIM_Encoder_Start
                0x08005608      0x11c ./Drivers/STM32F1xx_HAL_Driver/Src/stm32f1xx_hal_tim.o
                0x08005608                HAL_TIM_Encoder_Start
 .text.HAL_TIM_IRQHandler
                0x08005724      0x1e0 ./Drivers/STM32F1xx_HAL_Driver/Src/stm32f1xx_hal_tim.o
                0x08005724                HAL_TIM_IRQHandler
 .text.HAL_TIM_PWM_ConfigChannel
                0x08005904      0x184 ./Drivers/STM32F1xx_HAL_Driver/Src/stm32f1xx_hal_tim.o
                0x08005904                HAL_TIM_PWM_ConfigChannel
 .text.HAL_TIM_ConfigClockSource
                0x08005a88      0x18e ./Drivers/STM32F1xx_HAL_Driver/Src/stm32f1xx_hal_tim.o
                0x08005a88                HAL_TIM_ConfigClockSource
 .text.HAL_TIM_PeriodElapsedCallback
                0x08005c16       0x12 ./Drivers/STM32F1xx_HAL_Driver/Src/stm32f1xx_hal_tim.o
                0x08005c16                HAL_TIM_PeriodElapsedCallback
 .text.HAL_TIM_OC_DelayElapsedCallback
                0x08005c28       0x12 ./Drivers/STM32F1xx_HAL_Driver/Src/stm32f1xx_hal_tim.o
                0x08005c28                HAL_TIM_OC_DelayElapsedCallback
 .text.HAL_TIM_IC_CaptureCallback
                0x08005c3a       0x12 ./Drivers/STM32F1xx_HAL_Driver/Src/stm32f1xx_hal_tim.o
                0x08005c3a                HAL_TIM_IC_CaptureCallback
 .text.HAL_TIM_PWM_PulseFinishedCallback
                0x08005c4c       0x12 ./Drivers/STM32F1xx_HAL_Driver/Src/stm32f1xx_hal_tim.o
                0x08005c4c                HAL_TIM_PWM_PulseFinishedCallback
 .text.HAL_TIM_TriggerCallback
                0x08005c5e       0x12 ./Drivers/STM32F1xx_HAL_Driver/Src/stm32f1xx_hal_tim.o
                0x08005c5e                HAL_TIM_TriggerCallback
 .text.TIM_Base_SetConfig
                0x08005c70       0xdc ./Drivers/STM32F1xx_HAL_Driver/Src/stm32f1xx_hal_tim.o
                0x08005c70                TIM_Base_SetConfig
 .text.TIM_OC1_SetConfig
                0x08005d4c       0xcc ./Drivers/STM32F1xx_HAL_Driver/Src/stm32f1xx_hal_tim.o
 .text.TIM_OC2_SetConfig
                0x08005e18       0xd4 ./Drivers/STM32F1xx_HAL_Driver/Src/stm32f1xx_hal_tim.o
                0x08005e18                TIM_OC2_SetConfig
 .text.TIM_OC3_SetConfig
                0x08005eec       0xd4 ./Drivers/STM32F1xx_HAL_Driver/Src/stm32f1xx_hal_tim.o
 .text.TIM_OC4_SetConfig
                0x08005fc0       0x9c ./Drivers/STM32F1xx_HAL_Driver/Src/stm32f1xx_hal_tim.o
 .text.TIM_TI1_ConfigInputStage
                0x0800605c       0x5c ./Drivers/STM32F1xx_HAL_Driver/Src/stm32f1xx_hal_tim.o
 .text.TIM_TI2_ConfigInputStage
                0x080060b8       0x5e ./Drivers/STM32F1xx_HAL_Driver/Src/stm32f1xx_hal_tim.o
 .text.TIM_ITRx_SetConfig
                0x08006116       0x34 ./Drivers/STM32F1xx_HAL_Driver/Src/stm32f1xx_hal_tim.o
 .text.TIM_ETR_SetConfig
                0x0800614a       0x3e ./Drivers/STM32F1xx_HAL_Driver/Src/stm32f1xx_hal_tim.o
                0x0800614a                TIM_ETR_SetConfig
 .text.TIM_CCxChannelCmd
                0x08006188       0x48 ./Drivers/STM32F1xx_HAL_Driver/Src/stm32f1xx_hal_tim.o
                0x08006188                TIM_CCxChannelCmd
 .text.HAL_TIMEx_MasterConfigSynchronization
                0x080061d0       0xbc ./Drivers/STM32F1xx_HAL_Driver/Src/stm32f1xx_hal_tim_ex.o
                0x080061d0                HAL_TIMEx_MasterConfigSynchronization
 .text.HAL_TIMEx_ConfigBreakDeadTime
                0x0800628c       0xa2 ./Drivers/STM32F1xx_HAL_Driver/Src/stm32f1xx_hal_tim_ex.o
                0x0800628c                HAL_TIMEx_ConfigBreakDeadTime
 .text.HAL_TIMEx_CommutCallback
                0x0800632e       0x12 ./Drivers/STM32F1xx_HAL_Driver/Src/stm32f1xx_hal_tim_ex.o
                0x0800632e                HAL_TIMEx_CommutCallback
 .text.HAL_TIMEx_BreakCallback
                0x08006340       0x12 ./Drivers/STM32F1xx_HAL_Driver/Src/stm32f1xx_hal_tim_ex.o
                0x08006340                HAL_TIMEx_BreakCallback
 .text.HAL_UART_Init
                0x08006352       0xa0 ./Drivers/STM32F1xx_HAL_Driver/Src/stm32f1xx_hal_uart.o
                0x08006352                HAL_UART_Init
 .text.HAL_UART_Transmit
                0x080063f2      0x116 ./Drivers/STM32F1xx_HAL_Driver/Src/stm32f1xx_hal_uart.o
                0x080063f2                HAL_UART_Transmit
 .text.UART_WaitOnFlagUntilTimeout
                0x08006508       0xb2 ./Drivers/STM32F1xx_HAL_Driver/Src/stm32f1xx_hal_uart.o
 .text.UART_EndRxTransfer
                0x080065ba       0xc4 ./Drivers/STM32F1xx_HAL_Driver/Src/stm32f1xx_hal_uart.o
 *fill*         0x0800667e        0x2 
 .text.UART_SetConfig
                0x08006680      0x11c ./Drivers/STM32F1xx_HAL_Driver/Src/stm32f1xx_hal_uart.o
 .text.__cvt    0x0800679c       0xc8 D:/SOFTWARE/en.st-stm32cubeide_1.18.1_24813_20250409_2138_x86_64.exe/STM32CubeIDE_1.18.1/STM32CubeIDE/plugins/com.st.stm32cube.ide.mcu.externaltools.gnu-tools-for-stm32.13.3.rel1.win32_1.0.0.202411081344/tools/bin/../lib/gcc/arm-none-eabi/13.3.1/../../../../arm-none-eabi/lib/thumb/v7-m/nofp\libc_nano.a(libc_a-nano-vfprintf_float.o)
                0x0800679c                __cvt
 .text.__exponent
                0x08006864       0x74 D:/SOFTWARE/en.st-stm32cubeide_1.18.1_24813_20250409_2138_x86_64.exe/STM32CubeIDE_1.18.1/STM32CubeIDE/plugins/com.st.stm32cube.ide.mcu.externaltools.gnu-tools-for-stm32.13.3.rel1.win32_1.0.0.202411081344/tools/bin/../lib/gcc/arm-none-eabi/13.3.1/../../../../arm-none-eabi/lib/thumb/v7-m/nofp\libc_nano.a(libc_a-nano-vfprintf_float.o)
                0x08006864                __exponent
 .text._printf_float
                0x080068d8      0x458 D:/SOFTWARE/en.st-stm32cubeide_1.18.1_24813_20250409_2138_x86_64.exe/STM32CubeIDE_1.18.1/STM32CubeIDE/plugins/com.st.stm32cube.ide.mcu.externaltools.gnu-tools-for-stm32.13.3.rel1.win32_1.0.0.202411081344/tools/bin/../lib/gcc/arm-none-eabi/13.3.1/../../../../arm-none-eabi/lib/thumb/v7-m/nofp\libc_nano.a(libc_a-nano-vfprintf_float.o)
                0x080068d8                _printf_float
 .text._printf_common
                0x08006d30       0xe4 D:/SOFTWARE/en.st-stm32cubeide_1.18.1_24813_20250409_2138_x86_64.exe/STM32CubeIDE_1.18.1/STM32CubeIDE/plugins/com.st.stm32cube.ide.mcu.externaltools.gnu-tools-for-stm32.13.3.rel1.win32_1.0.0.202411081344/tools/bin/../lib/gcc/arm-none-eabi/13.3.1/../../../../arm-none-eabi/lib/thumb/v7-m/nofp\libc_nano.a(libc_a-nano-vfprintf_i.o)
                0x08006d30                _printf_common
 .text._printf_i
                0x08006e14      0x23c D:/SOFTWARE/en.st-stm32cubeide_1.18.1_24813_20250409_2138_x86_64.exe/STM32CubeIDE_1.18.1/STM32CubeIDE/plugins/com.st.stm32cube.ide.mcu.externaltools.gnu-tools-for-stm32.13.3.rel1.win32_1.0.0.202411081344/tools/bin/../lib/gcc/arm-none-eabi/13.3.1/../../../../arm-none-eabi/lib/thumb/v7-m/nofp\libc_nano.a(libc_a-nano-vfprintf_i.o)
                0x08006e14                _printf_i
 .text._scanf_float
                0x08007050      0x414 D:/SOFTWARE/en.st-stm32cubeide_1.18.1_24813_20250409_2138_x86_64.exe/STM32CubeIDE_1.18.1/STM32CubeIDE/plugins/com.st.stm32cube.ide.mcu.externaltools.gnu-tools-for-stm32.13.3.rel1.win32_1.0.0.202411081344/tools/bin/../lib/gcc/arm-none-eabi/13.3.1/../../../../arm-none-eabi/lib/thumb/v7-m/nofp\libc_nano.a(libc_a-nano-vfscanf_float.o)
                0x08007050                _scanf_float
 .text.std      0x08007464       0x6c D:/SOFTWARE/en.st-stm32cubeide_1.18.1_24813_20250409_2138_x86_64.exe/STM32CubeIDE_1.18.1/STM32CubeIDE/plugins/com.st.stm32cube.ide.mcu.externaltools.gnu-tools-for-stm32.13.3.rel1.win32_1.0.0.202411081344/tools/bin/../lib/gcc/arm-none-eabi/13.3.1/../../../../arm-none-eabi/lib/thumb/v7-m/nofp\libc_nano.a(libc_a-findfp.o)
 .text.stdio_exit_handler
                0x080074d0       0x18 D:/SOFTWARE/en.st-stm32cubeide_1.18.1_24813_20250409_2138_x86_64.exe/STM32CubeIDE_1.18.1/STM32CubeIDE/plugins/com.st.stm32cube.ide.mcu.externaltools.gnu-tools-for-stm32.13.3.rel1.win32_1.0.0.202411081344/tools/bin/../lib/gcc/arm-none-eabi/13.3.1/../../../../arm-none-eabi/lib/thumb/v7-m/nofp\libc_nano.a(libc_a-findfp.o)
 .text.cleanup_stdio
                0x080074e8       0x40 D:/SOFTWARE/en.st-stm32cubeide_1.18.1_24813_20250409_2138_x86_64.exe/STM32CubeIDE_1.18.1/STM32CubeIDE/plugins/com.st.stm32cube.ide.mcu.externaltools.gnu-tools-for-stm32.13.3.rel1.win32_1.0.0.202411081344/tools/bin/../lib/gcc/arm-none-eabi/13.3.1/../../../../arm-none-eabi/lib/thumb/v7-m/nofp\libc_nano.a(libc_a-findfp.o)
 .text.global_stdio_init.part.0
                0x08007528       0x3c D:/SOFTWARE/en.st-stm32cubeide_1.18.1_24813_20250409_2138_x86_64.exe/STM32CubeIDE_1.18.1/STM32CubeIDE/plugins/com.st.stm32cube.ide.mcu.externaltools.gnu-tools-for-stm32.13.3.rel1.win32_1.0.0.202411081344/tools/bin/../lib/gcc/arm-none-eabi/13.3.1/../../../../arm-none-eabi/lib/thumb/v7-m/nofp\libc_nano.a(libc_a-findfp.o)
 .text.__sfp_lock_acquire
                0x08007564        0xc D:/SOFTWARE/en.st-stm32cubeide_1.18.1_24813_20250409_2138_x86_64.exe/STM32CubeIDE_1.18.1/STM32CubeIDE/plugins/com.st.stm32cube.ide.mcu.externaltools.gnu-tools-for-stm32.13.3.rel1.win32_1.0.0.202411081344/tools/bin/../lib/gcc/arm-none-eabi/13.3.1/../../../../arm-none-eabi/lib/thumb/v7-m/nofp\libc_nano.a(libc_a-findfp.o)
                0x08007564                __sfp_lock_acquire
 .text.__sfp_lock_release
                0x08007570        0xc D:/SOFTWARE/en.st-stm32cubeide_1.18.1_24813_20250409_2138_x86_64.exe/STM32CubeIDE_1.18.1/STM32CubeIDE/plugins/com.st.stm32cube.ide.mcu.externaltools.gnu-tools-for-stm32.13.3.rel1.win32_1.0.0.202411081344/tools/bin/../lib/gcc/arm-none-eabi/13.3.1/../../../../arm-none-eabi/lib/thumb/v7-m/nofp\libc_nano.a(libc_a-findfp.o)
                0x08007570                __sfp_lock_release
 .text.__sinit  0x0800757c       0x30 D:/SOFTWARE/en.st-stm32cubeide_1.18.1_24813_20250409_2138_x86_64.exe/STM32CubeIDE_1.18.1/STM32CubeIDE/plugins/com.st.stm32cube.ide.mcu.externaltools.gnu-tools-for-stm32.13.3.rel1.win32_1.0.0.202411081344/tools/bin/../lib/gcc/arm-none-eabi/13.3.1/../../../../arm-none-eabi/lib/thumb/v7-m/nofp\libc_nano.a(libc_a-findfp.o)
                0x0800757c                __sinit
 .text._fwalk_sglue
                0x080075ac       0x3c D:/SOFTWARE/en.st-stm32cubeide_1.18.1_24813_20250409_2138_x86_64.exe/STM32CubeIDE_1.18.1/STM32CubeIDE/plugins/com.st.stm32cube.ide.mcu.externaltools.gnu-tools-for-stm32.13.3.rel1.win32_1.0.0.202411081344/tools/bin/../lib/gcc/arm-none-eabi/13.3.1/../../../../arm-none-eabi/lib/thumb/v7-m/nofp\libc_nano.a(libc_a-fwalk.o)
                0x080075ac                _fwalk_sglue
 .text.sprintf  0x080075e8       0x44 D:/SOFTWARE/en.st-stm32cubeide_1.18.1_24813_20250409_2138_x86_64.exe/STM32CubeIDE_1.18.1/STM32CubeIDE/plugins/com.st.stm32cube.ide.mcu.externaltools.gnu-tools-for-stm32.13.3.rel1.win32_1.0.0.202411081344/tools/bin/../lib/gcc/arm-none-eabi/13.3.1/../../../../arm-none-eabi/lib/thumb/v7-m/nofp\libc_nano.a(libc_a-sprintf.o)
                0x080075e8                siprintf
                0x080075e8                sprintf
 .text.__sread  0x0800762c       0x22 D:/SOFTWARE/en.st-stm32cubeide_1.18.1_24813_20250409_2138_x86_64.exe/STM32CubeIDE_1.18.1/STM32CubeIDE/plugins/com.st.stm32cube.ide.mcu.externaltools.gnu-tools-for-stm32.13.3.rel1.win32_1.0.0.202411081344/tools/bin/../lib/gcc/arm-none-eabi/13.3.1/../../../../arm-none-eabi/lib/thumb/v7-m/nofp\libc_nano.a(libc_a-stdio.o)
                0x0800762c                __sread
 .text.__swrite
                0x0800764e       0x38 D:/SOFTWARE/en.st-stm32cubeide_1.18.1_24813_20250409_2138_x86_64.exe/STM32CubeIDE_1.18.1/STM32CubeIDE/plugins/com.st.stm32cube.ide.mcu.externaltools.gnu-tools-for-stm32.13.3.rel1.win32_1.0.0.202411081344/tools/bin/../lib/gcc/arm-none-eabi/13.3.1/../../../../arm-none-eabi/lib/thumb/v7-m/nofp\libc_nano.a(libc_a-stdio.o)
                0x0800764e                __swrite
 .text.__sseek  0x08007686       0x24 D:/SOFTWARE/en.st-stm32cubeide_1.18.1_24813_20250409_2138_x86_64.exe/STM32CubeIDE_1.18.1/STM32CubeIDE/plugins/com.st.stm32cube.ide.mcu.externaltools.gnu-tools-for-stm32.13.3.rel1.win32_1.0.0.202411081344/tools/bin/../lib/gcc/arm-none-eabi/13.3.1/../../../../arm-none-eabi/lib/thumb/v7-m/nofp\libc_nano.a(libc_a-stdio.o)
                0x08007686                __sseek
 .text.__sclose
                0x080076aa        0x8 D:/SOFTWARE/en.st-stm32cubeide_1.18.1_24813_20250409_2138_x86_64.exe/STM32CubeIDE_1.18.1/STM32CubeIDE/plugins/com.st.stm32cube.ide.mcu.externaltools.gnu-tools-for-stm32.13.3.rel1.win32_1.0.0.202411081344/tools/bin/../lib/gcc/arm-none-eabi/13.3.1/../../../../arm-none-eabi/lib/thumb/v7-m/nofp\libc_nano.a(libc_a-stdio.o)
                0x080076aa                __sclose
 .text.memset   0x080076b2       0x10 D:/SOFTWARE/en.st-stm32cubeide_1.18.1_24813_20250409_2138_x86_64.exe/STM32CubeIDE_1.18.1/STM32CubeIDE/plugins/com.st.stm32cube.ide.mcu.externaltools.gnu-tools-for-stm32.13.3.rel1.win32_1.0.0.202411081344/tools/bin/../lib/gcc/arm-none-eabi/13.3.1/../../../../arm-none-eabi/lib/thumb/v7-m/nofp\libc_nano.a(libc_a-memset.o)
                0x080076b2                memset
 *fill*         0x080076c2        0x2 
 .text._localeconv_r
                0x080076c4        0x8 D:/SOFTWARE/en.st-stm32cubeide_1.18.1_24813_20250409_2138_x86_64.exe/STM32CubeIDE_1.18.1/STM32CubeIDE/plugins/com.st.stm32cube.ide.mcu.externaltools.gnu-tools-for-stm32.13.3.rel1.win32_1.0.0.202411081344/tools/bin/../lib/gcc/arm-none-eabi/13.3.1/../../../../arm-none-eabi/lib/thumb/v7-m/nofp\libc_nano.a(libc_a-localeconv.o)
                0x080076c4                _localeconv_r
 .text._close_r
                0x080076cc       0x20 D:/SOFTWARE/en.st-stm32cubeide_1.18.1_24813_20250409_2138_x86_64.exe/STM32CubeIDE_1.18.1/STM32CubeIDE/plugins/com.st.stm32cube.ide.mcu.externaltools.gnu-tools-for-stm32.13.3.rel1.win32_1.0.0.202411081344/tools/bin/../lib/gcc/arm-none-eabi/13.3.1/../../../../arm-none-eabi/lib/thumb/v7-m/nofp\libc_nano.a(libc_a-closer.o)
                0x080076cc                _close_r
 .text._lseek_r
                0x080076ec       0x24 D:/SOFTWARE/en.st-stm32cubeide_1.18.1_24813_20250409_2138_x86_64.exe/STM32CubeIDE_1.18.1/STM32CubeIDE/plugins/com.st.stm32cube.ide.mcu.externaltools.gnu-tools-for-stm32.13.3.rel1.win32_1.0.0.202411081344/tools/bin/../lib/gcc/arm-none-eabi/13.3.1/../../../../arm-none-eabi/lib/thumb/v7-m/nofp\libc_nano.a(libc_a-lseekr.o)
                0x080076ec                _lseek_r
 .text._read_r  0x08007710       0x24 D:/SOFTWARE/en.st-stm32cubeide_1.18.1_24813_20250409_2138_x86_64.exe/STM32CubeIDE_1.18.1/STM32CubeIDE/plugins/com.st.stm32cube.ide.mcu.externaltools.gnu-tools-for-stm32.13.3.rel1.win32_1.0.0.202411081344/tools/bin/../lib/gcc/arm-none-eabi/13.3.1/../../../../arm-none-eabi/lib/thumb/v7-m/nofp\libc_nano.a(libc_a-readr.o)
                0x08007710                _read_r
 .text._write_r
                0x08007734       0x24 D:/SOFTWARE/en.st-stm32cubeide_1.18.1_24813_20250409_2138_x86_64.exe/STM32CubeIDE_1.18.1/STM32CubeIDE/plugins/com.st.stm32cube.ide.mcu.externaltools.gnu-tools-for-stm32.13.3.rel1.win32_1.0.0.202411081344/tools/bin/../lib/gcc/arm-none-eabi/13.3.1/../../../../arm-none-eabi/lib/thumb/v7-m/nofp\libc_nano.a(libc_a-writer.o)
                0x08007734                _write_r
 .text.__errno  0x08007758        0xc D:/SOFTWARE/en.st-stm32cubeide_1.18.1_24813_20250409_2138_x86_64.exe/STM32CubeIDE_1.18.1/STM32CubeIDE/plugins/com.st.stm32cube.ide.mcu.externaltools.gnu-tools-for-stm32.13.3.rel1.win32_1.0.0.202411081344/tools/bin/../lib/gcc/arm-none-eabi/13.3.1/../../../../arm-none-eabi/lib/thumb/v7-m/nofp\libc_nano.a(libc_a-errno.o)
                0x08007758                __errno
 .text.__libc_init_array
                0x08007764       0x48 D:/SOFTWARE/en.st-stm32cubeide_1.18.1_24813_20250409_2138_x86_64.exe/STM32CubeIDE_1.18.1/STM32CubeIDE/plugins/com.st.stm32cube.ide.mcu.externaltools.gnu-tools-for-stm32.13.3.rel1.win32_1.0.0.202411081344/tools/bin/../lib/gcc/arm-none-eabi/13.3.1/../../../../arm-none-eabi/lib/thumb/v7-m/nofp\libc_nano.a(libc_a-init.o)
                0x08007764                __libc_init_array
 .text.__retarget_lock_init_recursive
                0x080077ac        0x2 D:/SOFTWARE/en.st-stm32cubeide_1.18.1_24813_20250409_2138_x86_64.exe/STM32CubeIDE_1.18.1/STM32CubeIDE/plugins/com.st.stm32cube.ide.mcu.externaltools.gnu-tools-for-stm32.13.3.rel1.win32_1.0.0.202411081344/tools/bin/../lib/gcc/arm-none-eabi/13.3.1/../../../../arm-none-eabi/lib/thumb/v7-m/nofp\libc_nano.a(libc_a-lock.o)
                0x080077ac                __retarget_lock_init_recursive
 .text.__retarget_lock_acquire_recursive
                0x080077ae        0x2 D:/SOFTWARE/en.st-stm32cubeide_1.18.1_24813_20250409_2138_x86_64.exe/STM32CubeIDE_1.18.1/STM32CubeIDE/plugins/com.st.stm32cube.ide.mcu.externaltools.gnu-tools-for-stm32.13.3.rel1.win32_1.0.0.202411081344/tools/bin/../lib/gcc/arm-none-eabi/13.3.1/../../../../arm-none-eabi/lib/thumb/v7-m/nofp\libc_nano.a(libc_a-lock.o)
                0x080077ae                __retarget_lock_acquire_recursive
 .text.__retarget_lock_release_recursive
                0x080077b0        0x2 D:/SOFTWARE/en.st-stm32cubeide_1.18.1_24813_20250409_2138_x86_64.exe/STM32CubeIDE_1.18.1/STM32CubeIDE/plugins/com.st.stm32cube.ide.mcu.externaltools.gnu-tools-for-stm32.13.3.rel1.win32_1.0.0.202411081344/tools/bin/../lib/gcc/arm-none-eabi/13.3.1/../../../../arm-none-eabi/lib/thumb/v7-m/nofp\libc_nano.a(libc_a-lock.o)
                0x080077b0                __retarget_lock_release_recursive
 .text.memchr   0x080077b2       0x1c D:/SOFTWARE/en.st-stm32cubeide_1.18.1_24813_20250409_2138_x86_64.exe/STM32CubeIDE_1.18.1/STM32CubeIDE/plugins/com.st.stm32cube.ide.mcu.externaltools.gnu-tools-for-stm32.13.3.rel1.win32_1.0.0.202411081344/tools/bin/../lib/gcc/arm-none-eabi/13.3.1/../../../../arm-none-eabi/lib/thumb/v7-m/nofp\libc_nano.a(libc_a-memchr-stub.o)
                0x080077b2                memchr
 *fill*         0x080077ce        0x2 
 .text.nanf     0x080077d0        0x8 D:/SOFTWARE/en.st-stm32cubeide_1.18.1_24813_20250409_2138_x86_64.exe/STM32CubeIDE_1.18.1/STM32CubeIDE/plugins/com.st.stm32cube.ide.mcu.externaltools.gnu-tools-for-stm32.13.3.rel1.win32_1.0.0.202411081344/tools/bin/../lib/gcc/arm-none-eabi/13.3.1/../../../../arm-none-eabi/lib/thumb/v7-m/nofp\libc_nano.a(libm_a-sf_nan.o)
                0x080077d0                nanf
 .text.quorem   0x080077d8      0x110 D:/SOFTWARE/en.st-stm32cubeide_1.18.1_24813_20250409_2138_x86_64.exe/STM32CubeIDE_1.18.1/STM32CubeIDE/plugins/com.st.stm32cube.ide.mcu.externaltools.gnu-tools-for-stm32.13.3.rel1.win32_1.0.0.202411081344/tools/bin/../lib/gcc/arm-none-eabi/13.3.1/../../../../arm-none-eabi/lib/thumb/v7-m/nofp\libc_nano.a(libc_a-dtoa.o)
 .text._dtoa_r  0x080078e8      0xba8 D:/SOFTWARE/en.st-stm32cubeide_1.18.1_24813_20250409_2138_x86_64.exe/STM32CubeIDE_1.18.1/STM32CubeIDE/plugins/com.st.stm32cube.ide.mcu.externaltools.gnu-tools-for-stm32.13.3.rel1.win32_1.0.0.202411081344/tools/bin/../lib/gcc/arm-none-eabi/13.3.1/../../../../arm-none-eabi/lib/thumb/v7-m/nofp\libc_nano.a(libc_a-dtoa.o)
                0x080078e8                _dtoa_r
 .text._free_r  0x08008490       0x90 D:/SOFTWARE/en.st-stm32cubeide_1.18.1_24813_20250409_2138_x86_64.exe/STM32CubeIDE_1.18.1/STM32CubeIDE/plugins/com.st.stm32cube.ide.mcu.externaltools.gnu-tools-for-stm32.13.3.rel1.win32_1.0.0.202411081344/tools/bin/../lib/gcc/arm-none-eabi/13.3.1/../../../../arm-none-eabi/lib/thumb/v7-m/nofp\libc_nano.a(libc_a-freer.o)
                0x08008490                _free_r
 .text.malloc   0x08008520       0x10 D:/SOFTWARE/en.st-stm32cubeide_1.18.1_24813_20250409_2138_x86_64.exe/STM32CubeIDE_1.18.1/STM32CubeIDE/plugins/com.st.stm32cube.ide.mcu.externaltools.gnu-tools-for-stm32.13.3.rel1.win32_1.0.0.202411081344/tools/bin/../lib/gcc/arm-none-eabi/13.3.1/../../../../arm-none-eabi/lib/thumb/v7-m/nofp\libc_nano.a(libc_a-malloc.o)
                0x08008520                malloc
 .text.sbrk_aligned
                0x08008530       0x44 D:/SOFTWARE/en.st-stm32cubeide_1.18.1_24813_20250409_2138_x86_64.exe/STM32CubeIDE_1.18.1/STM32CubeIDE/plugins/com.st.stm32cube.ide.mcu.externaltools.gnu-tools-for-stm32.13.3.rel1.win32_1.0.0.202411081344/tools/bin/../lib/gcc/arm-none-eabi/13.3.1/../../../../arm-none-eabi/lib/thumb/v7-m/nofp\libc_nano.a(libc_a-mallocr.o)
 .text._malloc_r
                0x08008574      0x100 D:/SOFTWARE/en.st-stm32cubeide_1.18.1_24813_20250409_2138_x86_64.exe/STM32CubeIDE_1.18.1/STM32CubeIDE/plugins/com.st.stm32cube.ide.mcu.externaltools.gnu-tools-for-stm32.13.3.rel1.win32_1.0.0.202411081344/tools/bin/../lib/gcc/arm-none-eabi/13.3.1/../../../../arm-none-eabi/lib/thumb/v7-m/nofp\libc_nano.a(libc_a-mallocr.o)
                0x08008574                _malloc_r
 .text.__malloc_lock
                0x08008674        0xc D:/SOFTWARE/en.st-stm32cubeide_1.18.1_24813_20250409_2138_x86_64.exe/STM32CubeIDE_1.18.1/STM32CubeIDE/plugins/com.st.stm32cube.ide.mcu.externaltools.gnu-tools-for-stm32.13.3.rel1.win32_1.0.0.202411081344/tools/bin/../lib/gcc/arm-none-eabi/13.3.1/../../../../arm-none-eabi/lib/thumb/v7-m/nofp\libc_nano.a(libc_a-mlock.o)
                0x08008674                __malloc_lock
 .text.__malloc_unlock
                0x08008680        0xc D:/SOFTWARE/en.st-stm32cubeide_1.18.1_24813_20250409_2138_x86_64.exe/STM32CubeIDE_1.18.1/STM32CubeIDE/plugins/com.st.stm32cube.ide.mcu.externaltools.gnu-tools-for-stm32.13.3.rel1.win32_1.0.0.202411081344/tools/bin/../lib/gcc/arm-none-eabi/13.3.1/../../../../arm-none-eabi/lib/thumb/v7-m/nofp\libc_nano.a(libc_a-mlock.o)
                0x08008680                __malloc_unlock
 .text._Balloc  0x0800868c       0x80 D:/SOFTWARE/en.st-stm32cubeide_1.18.1_24813_20250409_2138_x86_64.exe/STM32CubeIDE_1.18.1/STM32CubeIDE/plugins/com.st.stm32cube.ide.mcu.externaltools.gnu-tools-for-stm32.13.3.rel1.win32_1.0.0.202411081344/tools/bin/../lib/gcc/arm-none-eabi/13.3.1/../../../../arm-none-eabi/lib/thumb/v7-m/nofp\libc_nano.a(libc_a-mprec.o)
                0x0800868c                _Balloc
 .text._Bfree   0x0800870c       0x44 D:/SOFTWARE/en.st-stm32cubeide_1.18.1_24813_20250409_2138_x86_64.exe/STM32CubeIDE_1.18.1/STM32CubeIDE/plugins/com.st.stm32cube.ide.mcu.externaltools.gnu-tools-for-stm32.13.3.rel1.win32_1.0.0.202411081344/tools/bin/../lib/gcc/arm-none-eabi/13.3.1/../../../../arm-none-eabi/lib/thumb/v7-m/nofp\libc_nano.a(libc_a-mprec.o)
                0x0800870c                _Bfree
 .text.__multadd
                0x08008750       0x8c D:/SOFTWARE/en.st-stm32cubeide_1.18.1_24813_20250409_2138_x86_64.exe/STM32CubeIDE_1.18.1/STM32CubeIDE/plugins/com.st.stm32cube.ide.mcu.externaltools.gnu-tools-for-stm32.13.3.rel1.win32_1.0.0.202411081344/tools/bin/../lib/gcc/arm-none-eabi/13.3.1/../../../../arm-none-eabi/lib/thumb/v7-m/nofp\libc_nano.a(libc_a-mprec.o)
                0x08008750                __multadd
 .text.__s2b    0x080087dc       0x94 D:/SOFTWARE/en.st-stm32cubeide_1.18.1_24813_20250409_2138_x86_64.exe/STM32CubeIDE_1.18.1/STM32CubeIDE/plugins/com.st.stm32cube.ide.mcu.externaltools.gnu-tools-for-stm32.13.3.rel1.win32_1.0.0.202411081344/tools/bin/../lib/gcc/arm-none-eabi/13.3.1/../../../../arm-none-eabi/lib/thumb/v7-m/nofp\libc_nano.a(libc_a-mprec.o)
                0x080087dc                __s2b
 .text.__hi0bits
                0x08008870       0x3e D:/SOFTWARE/en.st-stm32cubeide_1.18.1_24813_20250409_2138_x86_64.exe/STM32CubeIDE_1.18.1/STM32CubeIDE/plugins/com.st.stm32cube.ide.mcu.externaltools.gnu-tools-for-stm32.13.3.rel1.win32_1.0.0.202411081344/tools/bin/../lib/gcc/arm-none-eabi/13.3.1/../../../../arm-none-eabi/lib/thumb/v7-m/nofp\libc_nano.a(libc_a-mprec.o)
                0x08008870                __hi0bits
 .text.__lo0bits
                0x080088ae       0x5a D:/SOFTWARE/en.st-stm32cubeide_1.18.1_24813_20250409_2138_x86_64.exe/STM32CubeIDE_1.18.1/STM32CubeIDE/plugins/com.st.stm32cube.ide.mcu.externaltools.gnu-tools-for-stm32.13.3.rel1.win32_1.0.0.202411081344/tools/bin/../lib/gcc/arm-none-eabi/13.3.1/../../../../arm-none-eabi/lib/thumb/v7-m/nofp\libc_nano.a(libc_a-mprec.o)
                0x080088ae                __lo0bits
 .text.__i2b    0x08008908       0x2c D:/SOFTWARE/en.st-stm32cubeide_1.18.1_24813_20250409_2138_x86_64.exe/STM32CubeIDE_1.18.1/STM32CubeIDE/plugins/com.st.stm32cube.ide.mcu.externaltools.gnu-tools-for-stm32.13.3.rel1.win32_1.0.0.202411081344/tools/bin/../lib/gcc/arm-none-eabi/13.3.1/../../../../arm-none-eabi/lib/thumb/v7-m/nofp\libc_nano.a(libc_a-mprec.o)
                0x08008908                __i2b
 .text.__multiply
                0x08008934      0x144 D:/SOFTWARE/en.st-stm32cubeide_1.18.1_24813_20250409_2138_x86_64.exe/STM32CubeIDE_1.18.1/STM32CubeIDE/plugins/com.st.stm32cube.ide.mcu.externaltools.gnu-tools-for-stm32.13.3.rel1.win32_1.0.0.202411081344/tools/bin/../lib/gcc/arm-none-eabi/13.3.1/../../../../arm-none-eabi/lib/thumb/v7-m/nofp\libc_nano.a(libc_a-mprec.o)
                0x08008934                __multiply
 .text.__pow5mult
                0x08008a78       0xb4 D:/SOFTWARE/en.st-stm32cubeide_1.18.1_24813_20250409_2138_x86_64.exe/STM32CubeIDE_1.18.1/STM32CubeIDE/plugins/com.st.stm32cube.ide.mcu.externaltools.gnu-tools-for-stm32.13.3.rel1.win32_1.0.0.202411081344/tools/bin/../lib/gcc/arm-none-eabi/13.3.1/../../../../arm-none-eabi/lib/thumb/v7-m/nofp\libc_nano.a(libc_a-mprec.o)
                0x08008a78                __pow5mult
 .text.__lshift
                0x08008b2c       0xd8 D:/SOFTWARE/en.st-stm32cubeide_1.18.1_24813_20250409_2138_x86_64.exe/STM32CubeIDE_1.18.1/STM32CubeIDE/plugins/com.st.stm32cube.ide.mcu.externaltools.gnu-tools-for-stm32.13.3.rel1.win32_1.0.0.202411081344/tools/bin/../lib/gcc/arm-none-eabi/13.3.1/../../../../arm-none-eabi/lib/thumb/v7-m/nofp\libc_nano.a(libc_a-mprec.o)
                0x08008b2c                __lshift
 .text.__mcmp   0x08008c04       0x36 D:/SOFTWARE/en.st-stm32cubeide_1.18.1_24813_20250409_2138_x86_64.exe/STM32CubeIDE_1.18.1/STM32CubeIDE/plugins/com.st.stm32cube.ide.mcu.externaltools.gnu-tools-for-stm32.13.3.rel1.win32_1.0.0.202411081344/tools/bin/../lib/gcc/arm-none-eabi/13.3.1/../../../../arm-none-eabi/lib/thumb/v7-m/nofp\libc_nano.a(libc_a-mprec.o)
                0x08008c04                __mcmp
 *fill*         0x08008c3a        0x2 
 .text.__mdiff  0x08008c3c      0x128 D:/SOFTWARE/en.st-stm32cubeide_1.18.1_24813_20250409_2138_x86_64.exe/STM32CubeIDE_1.18.1/STM32CubeIDE/plugins/com.st.stm32cube.ide.mcu.externaltools.gnu-tools-for-stm32.13.3.rel1.win32_1.0.0.202411081344/tools/bin/../lib/gcc/arm-none-eabi/13.3.1/../../../../arm-none-eabi/lib/thumb/v7-m/nofp\libc_nano.a(libc_a-mprec.o)
                0x08008c3c                __mdiff
 .text.__ulp    0x08008d64       0x40 D:/SOFTWARE/en.st-stm32cubeide_1.18.1_24813_20250409_2138_x86_64.exe/STM32CubeIDE_1.18.1/STM32CubeIDE/plugins/com.st.stm32cube.ide.mcu.externaltools.gnu-tools-for-stm32.13.3.rel1.win32_1.0.0.202411081344/tools/bin/../lib/gcc/arm-none-eabi/13.3.1/../../../../arm-none-eabi/lib/thumb/v7-m/nofp\libc_nano.a(libc_a-mprec.o)
                0x08008d64                __ulp
 .text.__b2d    0x08008da4       0x90 D:/SOFTWARE/en.st-stm32cubeide_1.18.1_24813_20250409_2138_x86_64.exe/STM32CubeIDE_1.18.1/STM32CubeIDE/plugins/com.st.stm32cube.ide.mcu.externaltools.gnu-tools-for-stm32.13.3.rel1.win32_1.0.0.202411081344/tools/bin/../lib/gcc/arm-none-eabi/13.3.1/../../../../arm-none-eabi/lib/thumb/v7-m/nofp\libc_nano.a(libc_a-mprec.o)
                0x08008da4                __b2d
 .text.__d2b    0x08008e34       0xb0 D:/SOFTWARE/en.st-stm32cubeide_1.18.1_24813_20250409_2138_x86_64.exe/STM32CubeIDE_1.18.1/STM32CubeIDE/plugins/com.st.stm32cube.ide.mcu.externaltools.gnu-tools-for-stm32.13.3.rel1.win32_1.0.0.202411081344/tools/bin/../lib/gcc/arm-none-eabi/13.3.1/../../../../arm-none-eabi/lib/thumb/v7-m/nofp\libc_nano.a(libc_a-mprec.o)
                0x08008e34                __d2b
 .text.__ratio  0x08008ee4       0x60 D:/SOFTWARE/en.st-stm32cubeide_1.18.1_24813_20250409_2138_x86_64.exe/STM32CubeIDE_1.18.1/STM32CubeIDE/plugins/com.st.stm32cube.ide.mcu.externaltools.gnu-tools-for-stm32.13.3.rel1.win32_1.0.0.202411081344/tools/bin/../lib/gcc/arm-none-eabi/13.3.1/../../../../arm-none-eabi/lib/thumb/v7-m/nofp\libc_nano.a(libc_a-mprec.o)
                0x08008ee4                __ratio
 .text.__copybits
                0x08008f44       0x46 D:/SOFTWARE/en.st-stm32cubeide_1.18.1_24813_20250409_2138_x86_64.exe/STM32CubeIDE_1.18.1/STM32CubeIDE/plugins/com.st.stm32cube.ide.mcu.externaltools.gnu-tools-for-stm32.13.3.rel1.win32_1.0.0.202411081344/tools/bin/../lib/gcc/arm-none-eabi/13.3.1/../../../../arm-none-eabi/lib/thumb/v7-m/nofp\libc_nano.a(libc_a-mprec.o)
                0x08008f44                __copybits
 .text.__any_on
                0x08008f8a       0x42 D:/SOFTWARE/en.st-stm32cubeide_1.18.1_24813_20250409_2138_x86_64.exe/STM32CubeIDE_1.18.1/STM32CubeIDE/plugins/com.st.stm32cube.ide.mcu.externaltools.gnu-tools-for-stm32.13.3.rel1.win32_1.0.0.202411081344/tools/bin/../lib/gcc/arm-none-eabi/13.3.1/../../../../arm-none-eabi/lib/thumb/v7-m/nofp\libc_nano.a(libc_a-mprec.o)
                0x08008f8a                __any_on
 .text.sulp     0x08008fcc       0x42 D:/SOFTWARE/en.st-stm32cubeide_1.18.1_24813_20250409_2138_x86_64.exe/STM32CubeIDE_1.18.1/STM32CubeIDE/plugins/com.st.stm32cube.ide.mcu.externaltools.gnu-tools-for-stm32.13.3.rel1.win32_1.0.0.202411081344/tools/bin/../lib/gcc/arm-none-eabi/13.3.1/../../../../arm-none-eabi/lib/thumb/v7-m/nofp\libc_nano.a(libc_a-strtod.o)
 *fill*         0x0800900e        0x2 
 .text._strtod_l
                0x08009010      0xbb0 D:/SOFTWARE/en.st-stm32cubeide_1.18.1_24813_20250409_2138_x86_64.exe/STM32CubeIDE_1.18.1/STM32CubeIDE/plugins/com.st.stm32cube.ide.mcu.externaltools.gnu-tools-for-stm32.13.3.rel1.win32_1.0.0.202411081344/tools/bin/../lib/gcc/arm-none-eabi/13.3.1/../../../../arm-none-eabi/lib/thumb/v7-m/nofp\libc_nano.a(libc_a-strtod.o)
                0x08009010                _strtod_l
 .text._strtod_r
                0x08009bc0        0xc D:/SOFTWARE/en.st-stm32cubeide_1.18.1_24813_20250409_2138_x86_64.exe/STM32CubeIDE_1.18.1/STM32CubeIDE/plugins/com.st.stm32cube.ide.mcu.externaltools.gnu-tools-for-stm32.13.3.rel1.win32_1.0.0.202411081344/tools/bin/../lib/gcc/arm-none-eabi/13.3.1/../../../../arm-none-eabi/lib/thumb/v7-m/nofp\libc_nano.a(libc_a-strtod.o)
                0x08009bc0                _strtod_r
 .text._strtol_l.isra.0
                0x08009bcc       0xf4 D:/SOFTWARE/en.st-stm32cubeide_1.18.1_24813_20250409_2138_x86_64.exe/STM32CubeIDE_1.18.1/STM32CubeIDE/plugins/com.st.stm32cube.ide.mcu.externaltools.gnu-tools-for-stm32.13.3.rel1.win32_1.0.0.202411081344/tools/bin/../lib/gcc/arm-none-eabi/13.3.1/../../../../arm-none-eabi/lib/thumb/v7-m/nofp\libc_nano.a(libc_a-strtol.o)
 .text._strtol_r
                0x08009cc0        0x4 D:/SOFTWARE/en.st-stm32cubeide_1.18.1_24813_20250409_2138_x86_64.exe/STM32CubeIDE_1.18.1/STM32CubeIDE/plugins/com.st.stm32cube.ide.mcu.externaltools.gnu-tools-for-stm32.13.3.rel1.win32_1.0.0.202411081344/tools/bin/../lib/gcc/arm-none-eabi/13.3.1/../../../../arm-none-eabi/lib/thumb/v7-m/nofp\libc_nano.a(libc_a-strtol.o)
                0x08009cc0                _strtol_r
 .text.__ssputs_r
                0x08009cc4       0xb6 D:/SOFTWARE/en.st-stm32cubeide_1.18.1_24813_20250409_2138_x86_64.exe/STM32CubeIDE_1.18.1/STM32CubeIDE/plugins/com.st.stm32cube.ide.mcu.externaltools.gnu-tools-for-stm32.13.3.rel1.win32_1.0.0.202411081344/tools/bin/../lib/gcc/arm-none-eabi/13.3.1/../../../../arm-none-eabi/lib/thumb/v7-m/nofp\libc_nano.a(libc_a-nano-svfprintf.o)
                0x08009cc4                __ssputs_r
 *fill*         0x08009d7a        0x2 
 .text._svfprintf_r
                0x08009d7c      0x1f8 D:/SOFTWARE/en.st-stm32cubeide_1.18.1_24813_20250409_2138_x86_64.exe/STM32CubeIDE_1.18.1/STM32CubeIDE/plugins/com.st.stm32cube.ide.mcu.externaltools.gnu-tools-for-stm32.13.3.rel1.win32_1.0.0.202411081344/tools/bin/../lib/gcc/arm-none-eabi/13.3.1/../../../../arm-none-eabi/lib/thumb/v7-m/nofp\libc_nano.a(libc_a-nano-svfprintf.o)
                0x08009d7c                _svfiprintf_r
                0x08009d7c                _svfprintf_r
 .text.__sflush_r
                0x08009f74      0x100 D:/SOFTWARE/en.st-stm32cubeide_1.18.1_24813_20250409_2138_x86_64.exe/STM32CubeIDE_1.18.1/STM32CubeIDE/plugins/com.st.stm32cube.ide.mcu.externaltools.gnu-tools-for-stm32.13.3.rel1.win32_1.0.0.202411081344/tools/bin/../lib/gcc/arm-none-eabi/13.3.1/../../../../arm-none-eabi/lib/thumb/v7-m/nofp\libc_nano.a(libc_a-fflush.o)
                0x08009f74                __sflush_r
 .text._fflush_r
                0x0800a074       0x50 D:/SOFTWARE/en.st-stm32cubeide_1.18.1_24813_20250409_2138_x86_64.exe/STM32CubeIDE_1.18.1/STM32CubeIDE/plugins/com.st.stm32cube.ide.mcu.externaltools.gnu-tools-for-stm32.13.3.rel1.win32_1.0.0.202411081344/tools/bin/../lib/gcc/arm-none-eabi/13.3.1/../../../../arm-none-eabi/lib/thumb/v7-m/nofp\libc_nano.a(libc_a-fflush.o)
                0x0800a074                _fflush_r
 .text.memmove  0x0800a0c4       0x34 D:/SOFTWARE/en.st-stm32cubeide_1.18.1_24813_20250409_2138_x86_64.exe/STM32CubeIDE_1.18.1/STM32CubeIDE/plugins/com.st.stm32cube.ide.mcu.externaltools.gnu-tools-for-stm32.13.3.rel1.win32_1.0.0.202411081344/tools/bin/../lib/gcc/arm-none-eabi/13.3.1/../../../../arm-none-eabi/lib/thumb/v7-m/nofp\libc_nano.a(libc_a-memmove.o)
                0x0800a0c4                memmove
 .text.strncmp  0x0800a0f8       0x24 D:/SOFTWARE/en.st-stm32cubeide_1.18.1_24813_20250409_2138_x86_64.exe/STM32CubeIDE_1.18.1/STM32CubeIDE/plugins/com.st.stm32cube.ide.mcu.externaltools.gnu-tools-for-stm32.13.3.rel1.win32_1.0.0.202411081344/tools/bin/../lib/gcc/arm-none-eabi/13.3.1/../../../../arm-none-eabi/lib/thumb/v7-m/nofp\libc_nano.a(libc_a-strncmp.o)
                0x0800a0f8                strncmp
 .text._sbrk_r  0x0800a11c       0x20 D:/SOFTWARE/en.st-stm32cubeide_1.18.1_24813_20250409_2138_x86_64.exe/STM32CubeIDE_1.18.1/STM32CubeIDE/plugins/com.st.stm32cube.ide.mcu.externaltools.gnu-tools-for-stm32.13.3.rel1.win32_1.0.0.202411081344/tools/bin/../lib/gcc/arm-none-eabi/13.3.1/../../../../arm-none-eabi/lib/thumb/v7-m/nofp\libc_nano.a(libc_a-sbrkr.o)
                0x0800a11c                _sbrk_r
 .text.memcpy   0x0800a13c       0x1c D:/SOFTWARE/en.st-stm32cubeide_1.18.1_24813_20250409_2138_x86_64.exe/STM32CubeIDE_1.18.1/STM32CubeIDE/plugins/com.st.stm32cube.ide.mcu.externaltools.gnu-tools-for-stm32.13.3.rel1.win32_1.0.0.202411081344/tools/bin/../lib/gcc/arm-none-eabi/13.3.1/../../../../arm-none-eabi/lib/thumb/v7-m/nofp\libc_nano.a(libc_a-memcpy-stub.o)
                0x0800a13c                memcpy
 .text.nan      0x0800a158        0xc D:/SOFTWARE/en.st-stm32cubeide_1.18.1_24813_20250409_2138_x86_64.exe/STM32CubeIDE_1.18.1/STM32CubeIDE/plugins/com.st.stm32cube.ide.mcu.externaltools.gnu-tools-for-stm32.13.3.rel1.win32_1.0.0.202411081344/tools/bin/../lib/gcc/arm-none-eabi/13.3.1/../../../../arm-none-eabi/lib/thumb/v7-m/nofp\libc_nano.a(libm_a-s_nan.o)
                0x0800a158                nan
 .text.__assert_func
                0x0800a164       0x3c D:/SOFTWARE/en.st-stm32cubeide_1.18.1_24813_20250409_2138_x86_64.exe/STM32CubeIDE_1.18.1/STM32CubeIDE/plugins/com.st.stm32cube.ide.mcu.externaltools.gnu-tools-for-stm32.13.3.rel1.win32_1.0.0.202411081344/tools/bin/../lib/gcc/arm-none-eabi/13.3.1/../../../../arm-none-eabi/lib/thumb/v7-m/nofp\libc_nano.a(libc_a-assert.o)
                0x0800a164                __assert_func
 .text._calloc_r
                0x0800a1a0       0x28 D:/SOFTWARE/en.st-stm32cubeide_1.18.1_24813_20250409_2138_x86_64.exe/STM32CubeIDE_1.18.1/STM32CubeIDE/plugins/com.st.stm32cube.ide.mcu.externaltools.gnu-tools-for-stm32.13.3.rel1.win32_1.0.0.202411081344/tools/bin/../lib/gcc/arm-none-eabi/13.3.1/../../../../arm-none-eabi/lib/thumb/v7-m/nofp\libc_nano.a(libc_a-callocr.o)
                0x0800a1a0                _calloc_r
 .text.rshift   0x0800a1c8       0xa6 D:/SOFTWARE/en.st-stm32cubeide_1.18.1_24813_20250409_2138_x86_64.exe/STM32CubeIDE_1.18.1/STM32CubeIDE/plugins/com.st.stm32cube.ide.mcu.externaltools.gnu-tools-for-stm32.13.3.rel1.win32_1.0.0.202411081344/tools/bin/../lib/gcc/arm-none-eabi/13.3.1/../../../../arm-none-eabi/lib/thumb/v7-m/nofp\libc_nano.a(libc_a-gdtoa-gethex.o)
 .text.__hexdig_fun
                0x0800a26e       0x2a D:/SOFTWARE/en.st-stm32cubeide_1.18.1_24813_20250409_2138_x86_64.exe/STM32CubeIDE_1.18.1/STM32CubeIDE/plugins/com.st.stm32cube.ide.mcu.externaltools.gnu-tools-for-stm32.13.3.rel1.win32_1.0.0.202411081344/tools/bin/../lib/gcc/arm-none-eabi/13.3.1/../../../../arm-none-eabi/lib/thumb/v7-m/nofp\libc_nano.a(libc_a-gdtoa-gethex.o)
                0x0800a26e                __hexdig_fun
 .text.__gethex
                0x0800a298      0x420 D:/SOFTWARE/en.st-stm32cubeide_1.18.1_24813_20250409_2138_x86_64.exe/STM32CubeIDE_1.18.1/STM32CubeIDE/plugins/com.st.stm32cube.ide.mcu.externaltools.gnu-tools-for-stm32.13.3.rel1.win32_1.0.0.202411081344/tools/bin/../lib/gcc/arm-none-eabi/13.3.1/../../../../arm-none-eabi/lib/thumb/v7-m/nofp\libc_nano.a(libc_a-gdtoa-gethex.o)
                0x0800a298                __gethex
 .text.L_shift  0x0800a6b8       0x24 D:/SOFTWARE/en.st-stm32cubeide_1.18.1_24813_20250409_2138_x86_64.exe/STM32CubeIDE_1.18.1/STM32CubeIDE/plugins/com.st.stm32cube.ide.mcu.externaltools.gnu-tools-for-stm32.13.3.rel1.win32_1.0.0.202411081344/tools/bin/../lib/gcc/arm-none-eabi/13.3.1/../../../../arm-none-eabi/lib/thumb/v7-m/nofp\libc_nano.a(libc_a-gdtoa-hexnan.o)
 .text.__match  0x0800a6dc       0x28 D:/SOFTWARE/en.st-stm32cubeide_1.18.1_24813_20250409_2138_x86_64.exe/STM32CubeIDE_1.18.1/STM32CubeIDE/plugins/com.st.stm32cube.ide.mcu.externaltools.gnu-tools-for-stm32.13.3.rel1.win32_1.0.0.202411081344/tools/bin/../lib/gcc/arm-none-eabi/13.3.1/../../../../arm-none-eabi/lib/thumb/v7-m/nofp\libc_nano.a(libc_a-gdtoa-hexnan.o)
                0x0800a6dc                __match
 .text.__hexnan
                0x0800a704      0x136 D:/SOFTWARE/en.st-stm32cubeide_1.18.1_24813_20250409_2138_x86_64.exe/STM32CubeIDE_1.18.1/STM32CubeIDE/plugins/com.st.stm32cube.ide.mcu.externaltools.gnu-tools-for-stm32.13.3.rel1.win32_1.0.0.202411081344/tools/bin/../lib/gcc/arm-none-eabi/13.3.1/../../../../arm-none-eabi/lib/thumb/v7-m/nofp\libc_nano.a(libc_a-gdtoa-hexnan.o)
                0x0800a704                __hexnan
 .text.__ascii_mbtowc
                0x0800a83a       0x24 D:/SOFTWARE/en.st-stm32cubeide_1.18.1_24813_20250409_2138_x86_64.exe/STM32CubeIDE_1.18.1/STM32CubeIDE/plugins/com.st.stm32cube.ide.mcu.externaltools.gnu-tools-for-stm32.13.3.rel1.win32_1.0.0.202411081344/tools/bin/../lib/gcc/arm-none-eabi/13.3.1/../../../../arm-none-eabi/lib/thumb/v7-m/nofp\libc_nano.a(libc_a-mbtowc_r.o)
                0x0800a83a                __ascii_mbtowc
 .text._realloc_r
                0x0800a85e       0x5c D:/SOFTWARE/en.st-stm32cubeide_1.18.1_24813_20250409_2138_x86_64.exe/STM32CubeIDE_1.18.1/STM32CubeIDE/plugins/com.st.stm32cube.ide.mcu.externaltools.gnu-tools-for-stm32.13.3.rel1.win32_1.0.0.202411081344/tools/bin/../lib/gcc/arm-none-eabi/13.3.1/../../../../arm-none-eabi/lib/thumb/v7-m/nofp\libc_nano.a(libc_a-reallocr.o)
                0x0800a85e                _realloc_r
 .text.__ascii_wctomb
                0x0800a8ba       0x1a D:/SOFTWARE/en.st-stm32cubeide_1.18.1_24813_20250409_2138_x86_64.exe/STM32CubeIDE_1.18.1/STM32CubeIDE/plugins/com.st.stm32cube.ide.mcu.externaltools.gnu-tools-for-stm32.13.3.rel1.win32_1.0.0.202411081344/tools/bin/../lib/gcc/arm-none-eabi/13.3.1/../../../../arm-none-eabi/lib/thumb/v7-m/nofp\libc_nano.a(libc_a-wctomb_r.o)
                0x0800a8ba                __ascii_wctomb
 .text.fprintf  0x0800a8d4       0x24 D:/SOFTWARE/en.st-stm32cubeide_1.18.1_24813_20250409_2138_x86_64.exe/STM32CubeIDE_1.18.1/STM32CubeIDE/plugins/com.st.stm32cube.ide.mcu.externaltools.gnu-tools-for-stm32.13.3.rel1.win32_1.0.0.202411081344/tools/bin/../lib/gcc/arm-none-eabi/13.3.1/../../../../arm-none-eabi/lib/thumb/v7-m/nofp\libc_nano.a(libc_a-fprintf.o)
                0x0800a8d4                fiprintf
                0x0800a8d4                fprintf
 .text.abort    0x0800a8f8        0xe D:/SOFTWARE/en.st-stm32cubeide_1.18.1_24813_20250409_2138_x86_64.exe/STM32CubeIDE_1.18.1/STM32CubeIDE/plugins/com.st.stm32cube.ide.mcu.externaltools.gnu-tools-for-stm32.13.3.rel1.win32_1.0.0.202411081344/tools/bin/../lib/gcc/arm-none-eabi/13.3.1/../../../../arm-none-eabi/lib/thumb/v7-m/nofp\libc_nano.a(libc_a-abort.o)
                0x0800a8f8                abort
 .text._malloc_usable_size_r
                0x0800a906       0x10 D:/SOFTWARE/en.st-stm32cubeide_1.18.1_24813_20250409_2138_x86_64.exe/STM32CubeIDE_1.18.1/STM32CubeIDE/plugins/com.st.stm32cube.ide.mcu.externaltools.gnu-tools-for-stm32.13.3.rel1.win32_1.0.0.202411081344/tools/bin/../lib/gcc/arm-none-eabi/13.3.1/../../../../arm-none-eabi/lib/thumb/v7-m/nofp\libc_nano.a(libc_a-msizer.o)
                0x0800a906                _malloc_usable_size_r
 .text.__sfputc_r
                0x0800a916       0x2a D:/SOFTWARE/en.st-stm32cubeide_1.18.1_24813_20250409_2138_x86_64.exe/STM32CubeIDE_1.18.1/STM32CubeIDE/plugins/com.st.stm32cube.ide.mcu.externaltools.gnu-tools-for-stm32.13.3.rel1.win32_1.0.0.202411081344/tools/bin/../lib/gcc/arm-none-eabi/13.3.1/../../../../arm-none-eabi/lib/thumb/v7-m/nofp\libc_nano.a(libc_a-nano-vfprintf.o)
 .text.__sfputs_r
                0x0800a940       0x24 D:/SOFTWARE/en.st-stm32cubeide_1.18.1_24813_20250409_2138_x86_64.exe/STM32CubeIDE_1.18.1/STM32CubeIDE/plugins/com.st.stm32cube.ide.mcu.externaltools.gnu-tools-for-stm32.13.3.rel1.win32_1.0.0.202411081344/tools/bin/../lib/gcc/arm-none-eabi/13.3.1/../../../../arm-none-eabi/lib/thumb/v7-m/nofp\libc_nano.a(libc_a-nano-vfprintf.o)
                0x0800a940                __sfputs_r
 .text._vfprintf_r
                0x0800a964      0x230 D:/SOFTWARE/en.st-stm32cubeide_1.18.1_24813_20250409_2138_x86_64.exe/STM32CubeIDE_1.18.1/STM32CubeIDE/plugins/com.st.stm32cube.ide.mcu.externaltools.gnu-tools-for-stm32.13.3.rel1.win32_1.0.0.202411081344/tools/bin/../lib/gcc/arm-none-eabi/13.3.1/../../../../arm-none-eabi/lib/thumb/v7-m/nofp\libc_nano.a(libc_a-nano-vfprintf.o)
                0x0800a964                _vfprintf_r
                0x0800a964                _vfiprintf_r
 .text.__swbuf_r
                0x0800ab94       0x7c D:/SOFTWARE/en.st-stm32cubeide_1.18.1_24813_20250409_2138_x86_64.exe/STM32CubeIDE_1.18.1/STM32CubeIDE/plugins/com.st.stm32cube.ide.mcu.externaltools.gnu-tools-for-stm32.13.3.rel1.win32_1.0.0.202411081344/tools/bin/../lib/gcc/arm-none-eabi/13.3.1/../../../../arm-none-eabi/lib/thumb/v7-m/nofp\libc_nano.a(libc_a-wbuf.o)
                0x0800ab94                __swbuf_r
 .text.__swsetup_r
                0x0800ac10       0xac D:/SOFTWARE/en.st-stm32cubeide_1.18.1_24813_20250409_2138_x86_64.exe/STM32CubeIDE_1.18.1/STM32CubeIDE/plugins/com.st.stm32cube.ide.mcu.externaltools.gnu-tools-for-stm32.13.3.rel1.win32_1.0.0.202411081344/tools/bin/../lib/gcc/arm-none-eabi/13.3.1/../../../../arm-none-eabi/lib/thumb/v7-m/nofp\libc_nano.a(libc_a-wsetup.o)
                0x0800ac10                __swsetup_r
 .text._raise_r
                0x0800acbc       0x50 D:/SOFTWARE/en.st-stm32cubeide_1.18.1_24813_20250409_2138_x86_64.exe/STM32CubeIDE_1.18.1/STM32CubeIDE/plugins/com.st.stm32cube.ide.mcu.externaltools.gnu-tools-for-stm32.13.3.rel1.win32_1.0.0.202411081344/tools/bin/../lib/gcc/arm-none-eabi/13.3.1/../../../../arm-none-eabi/lib/thumb/v7-m/nofp\libc_nano.a(libc_a-signal.o)
                0x0800acbc                _raise_r
 .text.raise    0x0800ad0c       0x10 D:/SOFTWARE/en.st-stm32cubeide_1.18.1_24813_20250409_2138_x86_64.exe/STM32CubeIDE_1.18.1/STM32CubeIDE/plugins/com.st.stm32cube.ide.mcu.externaltools.gnu-tools-for-stm32.13.3.rel1.win32_1.0.0.202411081344/tools/bin/../lib/gcc/arm-none-eabi/13.3.1/../../../../arm-none-eabi/lib/thumb/v7-m/nofp\libc_nano.a(libc_a-signal.o)
                0x0800ad0c                raise
 .text._kill_r  0x0800ad1c       0x24 D:/SOFTWARE/en.st-stm32cubeide_1.18.1_24813_20250409_2138_x86_64.exe/STM32CubeIDE_1.18.1/STM32CubeIDE/plugins/com.st.stm32cube.ide.mcu.externaltools.gnu-tools-for-stm32.13.3.rel1.win32_1.0.0.202411081344/tools/bin/../lib/gcc/arm-none-eabi/13.3.1/../../../../arm-none-eabi/lib/thumb/v7-m/nofp\libc_nano.a(libc_a-signalr.o)
                0x0800ad1c                _kill_r
 .text._getpid_r
                0x0800ad40        0x4 D:/SOFTWARE/en.st-stm32cubeide_1.18.1_24813_20250409_2138_x86_64.exe/STM32CubeIDE_1.18.1/STM32CubeIDE/plugins/com.st.stm32cube.ide.mcu.externaltools.gnu-tools-for-stm32.13.3.rel1.win32_1.0.0.202411081344/tools/bin/../lib/gcc/arm-none-eabi/13.3.1/../../../../arm-none-eabi/lib/thumb/v7-m/nofp\libc_nano.a(libc_a-signalr.o)
                0x0800ad40                _getpid_r
 .text.__swhatbuf_r
                0x0800ad44       0x4a D:/SOFTWARE/en.st-stm32cubeide_1.18.1_24813_20250409_2138_x86_64.exe/STM32CubeIDE_1.18.1/STM32CubeIDE/plugins/com.st.stm32cube.ide.mcu.externaltools.gnu-tools-for-stm32.13.3.rel1.win32_1.0.0.202411081344/tools/bin/../lib/gcc/arm-none-eabi/13.3.1/../../../../arm-none-eabi/lib/thumb/v7-m/nofp\libc_nano.a(libc_a-makebuf.o)
                0x0800ad44                __swhatbuf_r
 .text.__smakebuf_r
                0x0800ad8e       0x78 D:/SOFTWARE/en.st-stm32cubeide_1.18.1_24813_20250409_2138_x86_64.exe/STM32CubeIDE_1.18.1/STM32CubeIDE/plugins/com.st.stm32cube.ide.mcu.externaltools.gnu-tools-for-stm32.13.3.rel1.win32_1.0.0.202411081344/tools/bin/../lib/gcc/arm-none-eabi/13.3.1/../../../../arm-none-eabi/lib/thumb/v7-m/nofp\libc_nano.a(libc_a-makebuf.o)
                0x0800ad8e                __smakebuf_r
 *fill*         0x0800ae06        0x2 
 .text._fstat_r
                0x0800ae08       0x24 D:/SOFTWARE/en.st-stm32cubeide_1.18.1_24813_20250409_2138_x86_64.exe/STM32CubeIDE_1.18.1/STM32CubeIDE/plugins/com.st.stm32cube.ide.mcu.externaltools.gnu-tools-for-stm32.13.3.rel1.win32_1.0.0.202411081344/tools/bin/../lib/gcc/arm-none-eabi/13.3.1/../../../../arm-none-eabi/lib/thumb/v7-m/nofp\libc_nano.a(libc_a-fstatr.o)
                0x0800ae08                _fstat_r
 .text._isatty_r
                0x0800ae2c       0x20 D:/SOFTWARE/en.st-stm32cubeide_1.18.1_24813_20250409_2138_x86_64.exe/STM32CubeIDE_1.18.1/STM32CubeIDE/plugins/com.st.stm32cube.ide.mcu.externaltools.gnu-tools-for-stm32.13.3.rel1.win32_1.0.0.202411081344/tools/bin/../lib/gcc/arm-none-eabi/13.3.1/../../../../arm-none-eabi/lib/thumb/v7-m/nofp\libc_nano.a(libc_a-isattyr.o)
                0x0800ae2c                _isatty_r
 *(.glue_7)
 .glue_7        0x0800ae4c        0x0 linker stubs
 *(.glue_7t)
 .glue_7t       0x0800ae4c        0x0 linker stubs
 *(.eh_frame)
 .eh_frame      0x0800ae4c        0x0 D:/SOFTWARE/en.st-stm32cubeide_1.18.1_24813_20250409_2138_x86_64.exe/STM32CubeIDE_1.18.1/STM32CubeIDE/plugins/com.st.stm32cube.ide.mcu.externaltools.gnu-tools-for-stm32.13.3.rel1.win32_1.0.0.202411081344/tools/bin/../lib/gcc/arm-none-eabi/13.3.1/thumb/v7-m/nofp/crtbegin.o
 *(.init)
 .init          0x0800ae4c        0x4 D:/SOFTWARE/en.st-stm32cubeide_1.18.1_24813_20250409_2138_x86_64.exe/STM32CubeIDE_1.18.1/STM32CubeIDE/plugins/com.st.stm32cube.ide.mcu.externaltools.gnu-tools-for-stm32.13.3.rel1.win32_1.0.0.202411081344/tools/bin/../lib/gcc/arm-none-eabi/13.3.1/thumb/v7-m/nofp/crti.o
                0x0800ae4c                _init
 .init          0x0800ae50        0x8 D:/SOFTWARE/en.st-stm32cubeide_1.18.1_24813_20250409_2138_x86_64.exe/STM32CubeIDE_1.18.1/STM32CubeIDE/plugins/com.st.stm32cube.ide.mcu.externaltools.gnu-tools-for-stm32.13.3.rel1.win32_1.0.0.202411081344/tools/bin/../lib/gcc/arm-none-eabi/13.3.1/thumb/v7-m/nofp/crtn.o
 *(.fini)
 .fini          0x0800ae58        0x4 D:/SOFTWARE/en.st-stm32cubeide_1.18.1_24813_20250409_2138_x86_64.exe/STM32CubeIDE_1.18.1/STM32CubeIDE/plugins/com.st.stm32cube.ide.mcu.externaltools.gnu-tools-for-stm32.13.3.rel1.win32_1.0.0.202411081344/tools/bin/../lib/gcc/arm-none-eabi/13.3.1/thumb/v7-m/nofp/crti.o
                0x0800ae58                _fini
 .fini          0x0800ae5c        0x8 D:/SOFTWARE/en.st-stm32cubeide_1.18.1_24813_20250409_2138_x86_64.exe/STM32CubeIDE_1.18.1/STM32CubeIDE/plugins/com.st.stm32cube.ide.mcu.externaltools.gnu-tools-for-stm32.13.3.rel1.win32_1.0.0.202411081344/tools/bin/../lib/gcc/arm-none-eabi/13.3.1/thumb/v7-m/nofp/crtn.o
                0x0800ae64                        . = ALIGN (0x4)
                0x0800ae64                        _etext = .

.vfp11_veneer   0x0800ae64        0x0
 .vfp11_veneer  0x0800ae64        0x0 linker stubs

.v4_bx          0x0800ae64        0x0
 .v4_bx         0x0800ae64        0x0 linker stubs

.iplt           0x0800ae64        0x0
 .iplt          0x0800ae64        0x0 D:/SOFTWARE/en.st-stm32cubeide_1.18.1_24813_20250409_2138_x86_64.exe/STM32CubeIDE_1.18.1/STM32CubeIDE/plugins/com.st.stm32cube.ide.mcu.externaltools.gnu-tools-for-stm32.13.3.rel1.win32_1.0.0.202411081344/tools/bin/../lib/gcc/arm-none-eabi/13.3.1/thumb/v7-m/nofp/crtbegin.o

.rodata         0x0800ae68      0x5bc
                0x0800ae68                        . = ALIGN (0x4)
 *(.rodata)
 .rodata        0x0800ae68       0xcb ./Core/Src/loadcell.o
 *fill*         0x0800af33        0x1 
 .rodata        0x0800af34       0x9b ./Core/Src/main.o
 *(.rodata*)
 *fill*         0x0800afcf        0x1 
 .rodata.AHBPrescTable
                0x0800afd0       0x10 ./Core/Src/system_stm32f1xx.o
                0x0800afd0                AHBPrescTable
 .rodata.APBPrescTable
                0x0800afe0        0x8 ./Core/Src/system_stm32f1xx.o
                0x0800afe0                APBPrescTable
 .rodata.aPLLMULFactorTable.1
                0x0800afe8       0x10 ./Drivers/STM32F1xx_HAL_Driver/Src/stm32f1xx_hal_rcc.o
 .rodata.aPredivFactorTable.0
                0x0800aff8        0x2 ./Drivers/STM32F1xx_HAL_Driver/Src/stm32f1xx_hal_rcc.o
 .rodata._printf_float.str1.1
                0x0800affa      0x1d6 D:/SOFTWARE/en.st-stm32cubeide_1.18.1_24813_20250409_2138_x86_64.exe/STM32CubeIDE_1.18.1/STM32CubeIDE/plugins/com.st.stm32cube.ide.mcu.externaltools.gnu-tools-for-stm32.13.3.rel1.win32_1.0.0.202411081344/tools/bin/../lib/gcc/arm-none-eabi/13.3.1/../../../../arm-none-eabi/lib/thumb/v7-m/nofp\libc_nano.a(libc_a-nano-vfprintf_float.o)
                                 0x12 (size before relaxing)
 .rodata._printf_i.str1.1
                0x0800b1d0       0x22 D:/SOFTWARE/en.st-stm32cubeide_1.18.1_24813_20250409_2138_x86_64.exe/STM32CubeIDE_1.18.1/STM32CubeIDE/plugins/com.st.stm32cube.ide.mcu.externaltools.gnu-tools-for-stm32.13.3.rel1.win32_1.0.0.202411081344/tools/bin/../lib/gcc/arm-none-eabi/13.3.1/../../../../arm-none-eabi/lib/thumb/v7-m/nofp\libc_nano.a(libc_a-nano-vfprintf_i.o)
 .rodata._scanf_float.str1.1
                0x0800b1d0        0x6 D:/SOFTWARE/en.st-stm32cubeide_1.18.1_24813_20250409_2138_x86_64.exe/STM32CubeIDE_1.18.1/STM32CubeIDE/plugins/com.st.stm32cube.ide.mcu.externaltools.gnu-tools-for-stm32.13.3.rel1.win32_1.0.0.202411081344/tools/bin/../lib/gcc/arm-none-eabi/13.3.1/../../../../arm-none-eabi/lib/thumb/v7-m/nofp\libc_nano.a(libc_a-nano-vfscanf_float.o)
 .rodata._dtoa_r.str1.1
                0x0800b1d0       0x8f D:/SOFTWARE/en.st-stm32cubeide_1.18.1_24813_20250409_2138_x86_64.exe/STM32CubeIDE_1.18.1/STM32CubeIDE/plugins/com.st.stm32cube.ide.mcu.externaltools.gnu-tools-for-stm32.13.3.rel1.win32_1.0.0.202411081344/tools/bin/../lib/gcc/arm-none-eabi/13.3.1/../../../../arm-none-eabi/lib/thumb/v7-m/nofp\libc_nano.a(libc_a-dtoa.o)
 .rodata._Balloc.str1.1
                0x0800b1d0       0x70 D:/SOFTWARE/en.st-stm32cubeide_1.18.1_24813_20250409_2138_x86_64.exe/STM32CubeIDE_1.18.1/STM32CubeIDE/plugins/com.st.stm32cube.ide.mcu.externaltools.gnu-tools-for-stm32.13.3.rel1.win32_1.0.0.202411081344/tools/bin/../lib/gcc/arm-none-eabi/13.3.1/../../../../arm-none-eabi/lib/thumb/v7-m/nofp\libc_nano.a(libc_a-mprec.o)
 .rodata.__multadd.str1.1
                0x0800b1d0       0x11 D:/SOFTWARE/en.st-stm32cubeide_1.18.1_24813_20250409_2138_x86_64.exe/STM32CubeIDE_1.18.1/STM32CubeIDE/plugins/com.st.stm32cube.ide.mcu.externaltools.gnu-tools-for-stm32.13.3.rel1.win32_1.0.0.202411081344/tools/bin/../lib/gcc/arm-none-eabi/13.3.1/../../../../arm-none-eabi/lib/thumb/v7-m/nofp\libc_nano.a(libc_a-mprec.o)
 .rodata.p05.0  0x0800b1d0        0xc D:/SOFTWARE/en.st-stm32cubeide_1.18.1_24813_20250409_2138_x86_64.exe/STM32CubeIDE_1.18.1/STM32CubeIDE/plugins/com.st.stm32cube.ide.mcu.externaltools.gnu-tools-for-stm32.13.3.rel1.win32_1.0.0.202411081344/tools/bin/../lib/gcc/arm-none-eabi/13.3.1/../../../../arm-none-eabi/lib/thumb/v7-m/nofp\libc_nano.a(libc_a-mprec.o)
 *fill*         0x0800b1dc        0x4 
 .rodata.__mprec_bigtens
                0x0800b1e0       0x28 D:/SOFTWARE/en.st-stm32cubeide_1.18.1_24813_20250409_2138_x86_64.exe/STM32CubeIDE_1.18.1/STM32CubeIDE/plugins/com.st.stm32cube.ide.mcu.externaltools.gnu-tools-for-stm32.13.3.rel1.win32_1.0.0.202411081344/tools/bin/../lib/gcc/arm-none-eabi/13.3.1/../../../../arm-none-eabi/lib/thumb/v7-m/nofp\libc_nano.a(libc_a-mprec.o)
                0x0800b1e0                __mprec_bigtens
 .rodata.__mprec_tens
                0x0800b208       0xc8 D:/SOFTWARE/en.st-stm32cubeide_1.18.1_24813_20250409_2138_x86_64.exe/STM32CubeIDE_1.18.1/STM32CubeIDE/plugins/com.st.stm32cube.ide.mcu.externaltools.gnu-tools-for-stm32.13.3.rel1.win32_1.0.0.202411081344/tools/bin/../lib/gcc/arm-none-eabi/13.3.1/../../../../arm-none-eabi/lib/thumb/v7-m/nofp\libc_nano.a(libc_a-mprec.o)
                0x0800b208                __mprec_tens
 .rodata._strtod_l.str1.1
                0x0800b2d0        0xf D:/SOFTWARE/en.st-stm32cubeide_1.18.1_24813_20250409_2138_x86_64.exe/STM32CubeIDE_1.18.1/STM32CubeIDE/plugins/com.st.stm32cube.ide.mcu.externaltools.gnu-tools-for-stm32.13.3.rel1.win32_1.0.0.202411081344/tools/bin/../lib/gcc/arm-none-eabi/13.3.1/../../../../arm-none-eabi/lib/thumb/v7-m/nofp\libc_nano.a(libc_a-strtod.o)
 .rodata.fpinan.0
                0x0800b2d0       0x14 D:/SOFTWARE/en.st-stm32cubeide_1.18.1_24813_20250409_2138_x86_64.exe/STM32CubeIDE_1.18.1/STM32CubeIDE/plugins/com.st.stm32cube.ide.mcu.externaltools.gnu-tools-for-stm32.13.3.rel1.win32_1.0.0.202411081344/tools/bin/../lib/gcc/arm-none-eabi/13.3.1/../../../../arm-none-eabi/lib/thumb/v7-m/nofp\libc_nano.a(libc_a-strtod.o)
 .rodata.fpi.1  0x0800b2e4       0x14 D:/SOFTWARE/en.st-stm32cubeide_1.18.1_24813_20250409_2138_x86_64.exe/STM32CubeIDE_1.18.1/STM32CubeIDE/plugins/com.st.stm32cube.ide.mcu.externaltools.gnu-tools-for-stm32.13.3.rel1.win32_1.0.0.202411081344/tools/bin/../lib/gcc/arm-none-eabi/13.3.1/../../../../arm-none-eabi/lib/thumb/v7-m/nofp\libc_nano.a(libc_a-strtod.o)
 .rodata.tinytens
                0x0800b2f8       0x28 D:/SOFTWARE/en.st-stm32cubeide_1.18.1_24813_20250409_2138_x86_64.exe/STM32CubeIDE_1.18.1/STM32CubeIDE/plugins/com.st.stm32cube.ide.mcu.externaltools.gnu-tools-for-stm32.13.3.rel1.win32_1.0.0.202411081344/tools/bin/../lib/gcc/arm-none-eabi/13.3.1/../../../../arm-none-eabi/lib/thumb/v7-m/nofp\libc_nano.a(libc_a-strtod.o)
 .rodata._ctype_
                0x0800b320      0x101 D:/SOFTWARE/en.st-stm32cubeide_1.18.1_24813_20250409_2138_x86_64.exe/STM32CubeIDE_1.18.1/STM32CubeIDE/plugins/com.st.stm32cube.ide.mcu.externaltools.gnu-tools-for-stm32.13.3.rel1.win32_1.0.0.202411081344/tools/bin/../lib/gcc/arm-none-eabi/13.3.1/../../../../arm-none-eabi/lib/thumb/v7-m/nofp\libc_nano.a(libc_a-ctype_.o)
                0x0800b320                _ctype_
 .rodata._svfprintf_r.str1.1
                0x0800b421       0x11 D:/SOFTWARE/en.st-stm32cubeide_1.18.1_24813_20250409_2138_x86_64.exe/STM32CubeIDE_1.18.1/STM32CubeIDE/plugins/com.st.stm32cube.ide.mcu.externaltools.gnu-tools-for-stm32.13.3.rel1.win32_1.0.0.202411081344/tools/bin/../lib/gcc/arm-none-eabi/13.3.1/../../../../arm-none-eabi/lib/thumb/v7-m/nofp\libc_nano.a(libc_a-nano-svfprintf.o)
 .rodata._setlocale_r.str1.1
                0x0800b421        0x9 D:/SOFTWARE/en.st-stm32cubeide_1.18.1_24813_20250409_2138_x86_64.exe/STM32CubeIDE_1.18.1/STM32CubeIDE/plugins/com.st.stm32cube.ide.mcu.externaltools.gnu-tools-for-stm32.13.3.rel1.win32_1.0.0.202411081344/tools/bin/../lib/gcc/arm-none-eabi/13.3.1/../../../../arm-none-eabi/lib/thumb/v7-m/nofp\libc_nano.a(libc_a-locale.o)
 .rodata.str1.1
                0x0800b421        0x2 D:/SOFTWARE/en.st-stm32cubeide_1.18.1_24813_20250409_2138_x86_64.exe/STM32CubeIDE_1.18.1/STM32CubeIDE/plugins/com.st.stm32cube.ide.mcu.externaltools.gnu-tools-for-stm32.13.3.rel1.win32_1.0.0.202411081344/tools/bin/../lib/gcc/arm-none-eabi/13.3.1/../../../../arm-none-eabi/lib/thumb/v7-m/nofp\libc_nano.a(libc_a-locale.o)
 .rodata.__assert_func.str1.1
                0x0800b421       0x3d D:/SOFTWARE/en.st-stm32cubeide_1.18.1_24813_20250409_2138_x86_64.exe/STM32CubeIDE_1.18.1/STM32CubeIDE/plugins/com.st.stm32cube.ide.mcu.externaltools.gnu-tools-for-stm32.13.3.rel1.win32_1.0.0.202411081344/tools/bin/../lib/gcc/arm-none-eabi/13.3.1/../../../../arm-none-eabi/lib/thumb/v7-m/nofp\libc_nano.a(libc_a-assert.o)
 .rodata.__gethex.str1.1