../Core/Src/main.c:134:6:chieu_thuan_dongco_trai	8	static
../Core/Src/main.c:138:6:chieu_thuan_dongco_phai	8	static
../Core/Src/main.c:143:6:chay_thang	4	static
../Core/Src/main.c:149:6:Motor_ReadSpeed	32	static
../Core/Src/main.c:182:6:HAL_ADC_ConvCpltCallback	16	static
../Core/Src/main.c:195:6:read_line_sensor	4	static
../Core/Src/main.c:203:6:normalize_sensor	16	static
../Core/Src/main.c:223:9:get_line_position	32	static
../Core/Src/main.c:243:6:print_line_sensor_data	320	static
../Core/Src/main.c:281:6:line_pid_control	48	static
../Core/Src/main.c:309:9:check_stop_simple	32	static
../Core/Src/main.c:359:7:PID_Speed	48	static
../Core/Src/main.c:382:5:main	64	static
../Core/Src/main.c:491:6:SystemClock_Config	88	static
../Core/Src/main.c:538:13:MX_ADC1_Init	24	static
../Core/Src/main.c:623:13:MX_TIM1_Init	80	static
../Core/Src/main.c:692:13:MX_TIM2_Init	56	static
../Core/Src/main.c:741:13:MX_TIM3_Init	32	static
../Core/Src/main.c:786:13:MX_TIM4_Init	56	static
../Core/Src/main.c:835:13:MX_USART1_UART_Init	8	static
../Core/Src/main.c:868:13:MX_USART3_UART_Init	8	static
../Core/Src/main.c:899:13:MX_DMA_Init	16	static
../Core/Src/main.c:917:13:MX_GPIO_Init	40	static
../Core/Src/main.c:968:6:Error_Handler	4	static,ignoring_inline_asm
