../Core/Src/main.c:127:6:chieu_thuan_dongco_trai	8	static
../Core/Src/main.c:131:6:chieu_thuan_dongco_phai	8	static
../Core/Src/main.c:136:6:chay_thang	4	static
../Core/Src/main.c:142:6:Motor_ReadSpeed	32	static
../Core/Src/main.c:171:6:HAL_ADC_ConvCpltCallback	16	static
../Core/Src/main.c:184:6:read_line_sensor	4	static
../Core/Src/main.c:192:6:normalize_sensor	16	static
../Core/Src/main.c:212:9:get_line_position	32	static
../Core/Src/main.c:231:6:line_pid_control	40	static
../Core/Src/main.c:262:7:PID_Speed	48	static
../Core/Src/main.c:286:5:main	216	static
../Core/Src/main.c:377:6:SystemClock_Config	88	static
../Core/Src/main.c:424:13:MX_ADC1_Init	24	static
../Core/Src/main.c:507:13:MX_TIM1_Init	80	static
../Core/Src/main.c:576:13:MX_TIM2_Init	56	static
../Core/Src/main.c:625:13:MX_TIM3_Init	32	static
../Core/Src/main.c:670:13:MX_TIM4_Init	56	static
../Core/Src/main.c:719:13:MX_USART1_UART_Init	8	static
../Core/Src/main.c:752:13:MX_USART3_UART_Init	8	static
../Core/Src/main.c:783:13:MX_DMA_Init	16	static
../Core/Src/main.c:801:13:MX_GPIO_Init	40	static
../Core/Src/main.c:852:6:Error_Handler	4	static,ignoring_inline_asm
